'Amran
10th of Ramadan City
3 STR
6th of October City
A Coruña
Aadityana
Aalborg
Aalen
Ab Pakhsh
Abadan
Abadeh
Abakaliki
Abarkuh
Abasan al-Kabira
Abasolo
Abbasabad
Abbeville
Abbotsford
Abbottabad
Abdanan
Abdul Hakeem
Abengourou
Aberdeen
Aberdeen
Aberdeen
Abhar
Abidjan
Abiko
Abilene
Abomey
Abomey-Calavi
Abrama
Abrisham
Abu Ghraib
Abu Road
Abuja
Abyek
Abéché
Acapulco
Acarigua
Acatic
Acatlán de Juárez
Acaxochitlán
Acayucan
Accra
Achalpur
Achampudur
Acharipallam
Achern
Achhnera
Acireale
Acqui Terme
Actopan
Acworth
Ad-Dhahiriya
Ada
Adachi
Adachi
Adalaj
Adampur
Adari
Addis Ababa
Adelaide
Adelanto
Aden
Adigrat
Adikaratti
Adilabad
Adipur
Adja-Ouèrè
Adjarra
Adjohoun
Adjud
Ado Ekiti
Adoni
Adrar
Adrian
Adrogué
Afif
Afikpo
Afragola
Afzalgarh
Afzalpur
Agadez
Agadir
Agano
Agarwal Mandi
Agawam
Agbangnizoun
Agdash
Ageo
Aghajari
Agoura Hills
Agra
Agrestina
Agrigento
Aguadilla
Aguilares
Aguégués
Ahar
Ahiwara
Ahmedabad
Ahmedabad Cantonment
Ahmedgarh
Ahmednagar
Ahmedpur Sial
Ahor
Ahram
Ahraura
Ahuachapán
Ahualulco de Mercado
Ahvaz
Ahwa
Aiken
Aioi
Air Force Area (Gorakhpur)
Airdrie
Aisai
Aistala
Aiud
Aizuwakamatsu
Ajhuwa
Ajka
Ajmer
Ajnala
Akaiwa
Akaltara
Akashi
Akayu
Akbarpur
Akbarpur
Akhnoor
Aki
Akigawa
Akiruno
Akishima
Akjoujt
Akkalkot
Akkayapalle
Aklera
Akola
Akot
Akpro-Missérété
Akron
Aksu
Akure
Al Ain
Al Amarat
Al Bahah
Al Diwaniyah
Al Houta
Al Khor (city)
Al Khums
Al Lith
Al Mahwit
Al Qadarif
Al Qunfudhah
Al Wakrah
Al-Awjam
Al-Bukamal
Al-Dumayr
Al-Eizariya
Al-Fashir
Al-Hirak
Al-Karak
Al-Qoubaiyat
Al-Qusayr
Al-Rastan
Al-Ruhaybah
Al-Salamiyah
Al-Salt
Al-Shahaniya
Al-Tall
Al-Zabadani
Alabaster
Alagoinhas
Alajuela
Alameda
Alaminos
Alamogordo
Alampalayam
Alampur
Alandi
Alang
Alappuzha
Alashankou
Albacete
Albany
Albemarle
Albenga
Albert Lea
Albertville
Albolote
Albuquerque
Albury
Alcalá de Henares
Alcaudete
Alchevsk
Alcobendas
Alcorcón
Alderetes
Alejandro Korn
Aleppo
Aleshtar
Alessandria
Alexander City
Alexandria
Alexandria
Alexandria
Alexandria
Aley
Algeciras
Algiers
Alhambra
Ali Sabieh
Aliabad-e Katul
Alicante
Alice
Aliganj
Aligarh
Aligudarz
Alipurduar
Alirajpur
Aliso Viejo
Allada
Allahganj
Allapur
Allen
Allen Park
Alliance
Almaty
Almería
Alnavar
Alor Setar
Alot
Alpena
Alta Gracia
Altamira
Altamonte Springs
Altamura
Altenburg
Alton
Alton
Altoona
Altoona
Altus
Alushta
Alvand
Alvarado
Alvin
Alwar
Alytus
Além Paraíba
Am Timan
Ama
Amalapuram
Amalner
Amami
Amanganj
Amarillo
Amarpatan
Amarpur
Amarpur
Amarwara
Amatepec
Ambad
Ambah
Ambajogai
Ambala
Ambala Cantonment
Ambala Sadar
Ambanja
Ambassa
Ambato
Ambattur
Ambehta
Ambikapur Part-X
Ambon
American Canyon
American Fork
Americus
Ames
Amet
Amherst
Amiens
Amioun
Amlai
Amlash
Amli
Amloh
Amman
Ammapettai
Ammon
Ammoor
Amol
Amravati
Amreli
Amritsar Cantonment
Amroli
Amsterdam
Amsterdam (city)
Amvrosiivka
América
Anaco
Anacortes
Anaheim
Anaiyur
Anaiyur
Anan
Anand
Anandnagar
Ananindeua
Anantapur
Anantnag
Anbarabad
Anchal
Ancona
Ancud
Andacollo
Andada
Andahuaylas
Andalgalá
Anderson
Anderson
Andijan
Andimeshk
Andipatti Jakkampatti
Andisheh
Andover
Andover
Andrews
Andria
Anenii Noi
Angelim
Angers
Angleton
Angol
Angren
Angul
Anguo
Anjangaon
Anjō
Ankara
Ankeny
Anklav
Anklesvar INA
Ann Arbor
Annaba
Annaka
Annecy
Annigeri
Anniston
Anoka
Anpara
Anqing
Ansbach
Anshan
Anshun
Antah
Antequera
Antioch
Antipolo
Antratsyt
Antsirabe
Antsiranana
Anuppur
Anupshahr
Anuradhapura
Anyama
Anyang
Anykščiai
Anzio
Aomori
Aosta
Aourir
Apache Junction
Apan
Aparecida de Goiânia
Apaseo el Alto
Apizaco
Aplahoué
Apodaca
Apopka
Apostolove
Apple Valley
Appleton
Apóstoles
Aqaba
Aqqala
Aqrah
Ara
Arai
Araioses
Arak
Arakawa
Aral
Aral
Arambhada
Arang
Araranguá
Araria
Arasiramani
Arauco
Aravakurichi
Araçatuba
Araçoiaba
Araçoiaba da Serra
Arba Minch
Arcadia
Arcata
Archdale
Ardakan
Ardakan
Ardestan
Ardmore
Areguá
Arezzo
Arica
Arida
Aridagawa
Arita
Ariyappampalayam
Arkadelphia
Arkalgud
Arkalyk
Arkansas City
Arles
Arlington
Armapur Estate
Armidale
Armstrong
Arnold
Aron
Arrecife
Arroyito
Arroyo Grande
Arroyo Seco
Arsanjan
Arsikere
Artesia
Artesia
Artigas
Artur Nogueira
Artux
Arujá
Arumanai
Arumbavur
Arusha
Arvin
Arxan
Arzew
Asaba
Asadabad
Asadabad
Asago
Asahi
Asaka
Asaka
Asakura
Asan
Asao-ku
Asbury Park
Ascensión
Aschaffenburg
Asheboro
Asheville
Ashikaga
Ashiya
Ashiya
Ashkezar
Ashkhaneh
Ashland
Ashland
Ashland
Ashoknagar
Ashrafiyat Sahnaya
Ashrafpur Kichhauchha
Ashta
Ashta
Ashtabula
Asind
Asmara
Aso
Assandh
Astana
Astaneh-ye Ashrafiyeh
Astara
Astara
Asti
Aswan
Atakpamé
Atami
Ataq
Atarra
Atascadero
Atasu
Atchison
Athens
Athens
Athens
Athens
Athens
Athlone
Atlacomulco
Atlanta
Atlantic Beach
Atlantic City
Atlixco
Atmore
Atotonilco El Alto
Atrauli
Atsugi
Attapeu
Attayampatti
Attleboro
Attock
Atwater
Atyrau
Auburn
Auburn
Auburn
Auburn
Auburn
Auburn Hills
Auburndale
Augsburg
Augusta
Augustów
Aurad
Aurai Tehsil
Auraiya
Aurangabad
Aurangabad
Aurangabad Cantonment
Aurora
Aurora
Ausa
Austin
Austin
Autlán
Avadi
Avalon Park
Avalpoondurai
Avaniapuram
Avdiivka
Avellaneda
Avenal
Aventura
Aversa
Avezzano
Avilés
Avola
Avon
Avon Lake
Avondale
Avrankou
Awaji
Awasa
Aweil
Ayacucho
Ayagawa
Ayakudi
Ayase
Aygudi
Aylmer
Ayodhya
Ayolas
Ayyalur
Ayyampalayam
Azadshahr
Azamgarh
Azarshahr
Azhagiapandiapuram
Azizpur
Azle
Azmatgarh
Azna
Azul
Azusa
Aïn Abid
Aïn Beïda
Aïn Defla
Aïn Draham
Aïn Harrouda
Aïn Oussera
Aïn Témouchent
Ağcabədi
Ağstafa
Baakleen
Babaheydar
Babai
Babar Pur
Babarpur Ajitmal
Baberu
Babina
Babiyal
Babol
Babolsar
Babrala
Babruysk
Bachhraon
Bachhrawan
Bacoor
Bacău
Bad Windsheim
Bada Malhera
Badajoz
Badalona
Badami Bagh
Badarpur
Badarwas
Bade Bacheli
Badhan
Badi
Badin
Badkuhi
Badnagar
Badod
Badoda
Badshahpur
Badulla
Bafilo
Bafq
Baft
Bagaha
Bagalkot
Bagansiapiapi
Bagasara
Bagbahara
Bagbera
Bagepalli
Baggar
Bagh-e Malek
Bagha Purana
Baghestan
Baghlan
Baglung
Bago
Bago
Bagru
Bah
Bahadurganj
Bahadurgarh
Bahar
Baharampur
Baharan Shahr
Baharestan
Bahawalnagar
Bahawalpur
Baheri
Bahir Dar
Bahoriband
Bahsuma
Bahía Blanca
Bahía de Caráquez
Baicheng
Baidoa
Baidyabati
Baie-Comeau
Baihar
Baiji
Baikonur
Baikunthpur
Bailhongal
Bainbridge
Bainbridge Island
Bairnsdale
Bais
Baishan
Baiyin
Bajestan
Bajpur
Baker
Bakersfield
Bakhchysarai
Bakhmach
Bakhmut
Bakhtiarpur
Balachaur
Balad
Balaghat
Balakliia
Balakrishnapuram
Balakən
Balangir
Balapur
Balasamudram
Balasore
Balcarce
Balch Springs
Baldwin Park
Baliari
Balimela
Balkanabat
Balkhash (city)
Ballarat
Ballarpur
Ballia
Ballwin
Balod
Baloda
Baloda Bazar
Balotra
Balrampur
Balsas
Balta
Bam
Bamako
Bamenda
Bamor
Bamroli
Ban Houayxay
Bananal
Banapur
Banarsi
Banaur
Banda Aceh
Bandar Abbas
Bandar Deylam
Bandar Deyr
Bandar Ganaveh
Bandar Kangan
Bandar Khamir
Bandar Lengeh
Bandar Torkaman
Bandar-e Anzali
Bandar-e Emam Khomeyni
Bandar-e Gaz
Bandar-e Mahshahr
Bandikui
Bandora
Bandundu (city)
Bandung
Bandō
Banfield
Banfora
Banga
Bangaon
Bangaon
Bangarapet
Bangarmau
Bangassou
Bangawan
Bangor
Bani Walid
Banikoara
Baniyas
Banjar
Banjarbaru
Banjarmasin
Banjul
Bankapura
Bankner
Bankura
Banning
Bannur
Bansdih
Bansgaon
Bansi
Banská Bystrica
Banswara
Bantwal
Banyoles
Baoding
Baoshan
Baotou
Baqershahr
Barabai
Barabanki
Baraboo
Barakaldo
Baramati
Baramulla
Baran
Baranovichi
Barasat
Barauni IOC Township
Baraut
Baravat
Barawa
Barbastro
Barberton
Barbigha
Barbil
Barcelona
Barcelona
Barda
Bardhaman
Bardoli
Bardstown
Barela
Barghat
Bargur
Barhalganj
Bari
Bari Brahmana
Bari Sadri
Barika
Bariloche
Barinas
Barisal
Barkot
Barletta
Barmer
Barnala
Barnstable
Barpeta
Barpeta Road
Barquisimeto
Barrancabermeja
Barranqueras
Barranquilla
Barreiras
Barrie
Barrocas
Barshi
Barstow
Bartlesville
Bartlett
Bartow
Barua Sagar
Baruipur
Barva
Barwaha
Barwala
Barwala
Barysaw
Basarabeasca
Basi Kiratpur
Basirhat
Basmenj
Basra
Bassano del Grappa
Bassi Pathana
Bastam
Bastrop
Basudebpur
Batac
Batala
Batam
Batavia
Batesville
Bath
Bathinda
Bathinda district
Bathurst
Batna
Batroun
Battambang
Batticaloa
Battle Creek
Battle Ground
Batumi
Bau-Bau
Baucau
Bauchi
Bavet
Bavla
Bawal
Bawana
Bawani Khera
Bay City
Bay City
Bay Village
Bayamo
Bayannur
Bayawan
Bayda
Bayonne
Bayonne
Baytown
Bazarak
Bazhong
Baños de Agua Santa
Baýramaly
Beachwood
Beacon
Beaconsfield
Beatrice
Beaufort
Beauharnois
Beaumont
Beaumont
Beauport
Beauvais
Beaver Dam
Beavercreek
Beaverton
Beawar
Beckley
Bedford
Bedford
Bedford
Bedford Heights
Beech Grove
Beed
Beeville
Begamganj
Begowal
Begum Pur
Begumabad Budhana
Begun
Begusarai
Behat
Behbahan
Behea
Behshahr
Behta Hajipur
Bei'an
Beihai
Beitun
Beiuș
Bekabad
Bekasi
Beled Hawo
Beledweyne
Belford Roxo
Belfort
Belgaum
Belize City
Bell
Bell Gardens
Bella Unión
Bella Vista
Bellaire
Bellary
Belle Glade
Bellefontaine
Bellefontaine Neighbors
Belleville
Bellevue
Bellevue
Bellflower
Bellingham
Bello
Belmont
Belmont
Belmopan
Belo Horizonte
Beloeil
Beloit
Belonia
Belpahar
Belton
Belton
Belvidere
Belén de Escobar
Bembèrèkè
Bemetara
Bemidji
Ben
Benbrook
Bend
Bender
Bendigo
Benevento
Bengbu
Benghazi
Bengkulu (city)
Benguela
Beni
Beni Mellal
Beni Suef
Benicarló
Benicia
Benidorm
Benin City
Benito Juárez
Benslimane
Benton
Benton Harbor
Bentonville
Benxi
Berasia
Berbera
Berbérati
Berdiansk
Berdychiv
Berea
Berea
Berehove
Bereket
Berezan
Berezhany
Bergamo
Bergen
Berkane
Berkeley
Berkley
Berlin
Berlin
Bernal
Bernardo de Irigoyen
Beruniy
Berwyn
Beryslav
Bessemer
Bethany
Bethlehem
Bethlehem
Betim
Bettiah
Betul
Beverly
Beverly Hills
Bewar
Bexley
Beypore
Bhabua
Bhachau
Bhadarsa
Bhadaur
Bhadgaon
Bhadohi
Bhadra
Bhadrak
Bhadravati
Bhadravati
Bhagatdih
Bhagur
Bhagwant Nagar
Bhainsdehi
Bhalswa Jahangir Pur
Bhamo
Bhandara
Bhander
Bhanpura
Bhanpuri
Bhanvad
Bharatganj
Bharthana
Bharuch
Bharwari
Bhatapara
Bhati
Bhatni Bazar
Bhatpara
Bhaurasa
Bhavnagar
Bhawana
Bhawani Mandi
Bhawanigarh
Bhawanipatna
Bhayandar
Bhikangaon
Bhikhi
Bhikhiwind
Bhilai Charoda
Bhilakhedi
Bhilwara
Bhimavaram
Bhind
Bhinder
Bhitarwar
Bhivpuri
Bhiwadi
Bhiwani
Bhogaon
Bhogpur
Bhokardan
Bhokarhedi
Bhopal
Bhor
Bhowrah
Bhucho Mandi
Bhuj
Bhulath
Bhusawal
Bhusawar
Biaora
Biarritz
Biała Podlaska
Białystok
Bicholim
Bida
Bidasar
Biddeford
Bidhannagar
Bidhuna
Bielefeld
Bielsko-Biała
Big Lake
Big Rapids
Big Spring
Bihać
Bihta
Bijar
Bijbehara
Bijeypur
Bijni
Bijnor
Bijolia
Bijuri
Bikaner
Bikapur
Bikramganj
Bila Tserkva
Bilara
Bilari
Bilariaganj
Bilaspur
Bilaspur
Bilaua
Bilbeis
Bileh Savar
Bilgram
Bilimora
Billawar
Billings
Bilohirsk
Biloli
Bilopillia
Biloxi
Bilozerske
Bilpura
Bilram
Bilsanda
Bilsi
Biltine
Bilyayivka
Biləsuvar
Bina Etawa
Bindki
Binghamton
Binika
Binjai
Binzhou
Biratnagar
Birendranagar
Birgaon
Birgunj
Birigui
Birmingham
Birmingham
Birnin Kebbi
Birpur
Birsinghpur
Biržai
Bisalpur
Bisanda Buzurg
Bisauli
Bischofshofen
Bisharatganj
Bishkek
Bishrampur
Biskra
Bislig
Bismarck
Bisokhar
Bissau
Bissau
Bistrița
Bitola
Bitonto
Bixby
Bizen
Bizerte
Biên Hòa
Bjelovar
Blackfoot
Blagoevgrad
Blaine
Blainville
Blaj
Blida
Blitar
Blois
Bloomington
Bloomington
Bloomington
Blue Ash
Blue Island
Blue Springs
Bluefield
Blumenau
Blythe
Blytheville
Bo
Boaco
Bobo-Dioulasso
Bobrovytsia
Boca Raton
Boca del Río
Bocholt
Bochum
Boconó
Bodeli
Bodinayakkanur
Bodri
Boerne
Bogalusa
Bogor
Bogotá
Bogra
Bohicon
Bohuslav
Boisbriand
Boise
Boké
Bol
Boldaji
Bole
Bolekhiv
Bolhrad
Bolivar
Bologna
Bolzano
Bondoukou
Bongaigaon
Bongor
Bonham
Bonita Springs
Bonn
Bonney Lake
Bonou
Boone
Boothapandi
Bopa
Bopfingen
Borazjan
Bordeaux
Bordj Bou Arréridj
Borger
Boriavi
Bormujos
Borsad
Borujen
Borujerd
Boryslav
Borås
Bosaso
Boshruyeh
Bossier City
Botad
Bothell
Botou
Bottrop
Bouarfa
Boucherville
Bougouni
Boujad
Boulder City
Boulogne-sur-Mer
Boumerdès
Bountiful
Bourges
Bouskoura
Bousso
Bouznika
Bouïra
Bowie
Bowling Green
Bowling Green
Boyarka
Boynton Beach
Bozeman
Bradenton
Bragado
Brahmakulam
Brahmana Periya-Agraharam
Brahmapur
Brainerd
Braintree
Bramhapuri
Brampton
Brand (Aachen)
Brandon
Branson
Brantford
Braunschweig
Brawley
Brașov
Brea
Brecksville
Bremerton
Brenes
Brenham
Brentwood
Brentwood
Brest
Brianka
Bridgeport
Bridgeton
Bridgeton
Bridgetown
Brigham City
Brighton and Hove
Brindisi
Brisbane
Bristol
Bristol
Bristol
Bristol
Brno
Broadview Heights
Brockton
Brockville
Brody
Broken Arrow
Brook Park
Brookhaven
Brookings
Brooklyn
Brooklyn
Brooklyn Center
Brooklyn Park
Brooks
Broomfield
Brossard
Brovary
Brownwood
Bruchsal
Bruck an der Mur
Brunswick
Brunswick
Brusque
Bryan
Bryant
Bryne
Brăila
Bsharri
Bteghrine
Bucha
Bucharest
Buckeye
Bucyrus
Budapest
Budaun
Budhgaon
Budhlada
Budhni
Buena Park
Buenaventura
Buffalo
Buffalo
Buford
Buga
Bugganipalle
Bugrasi
Bukavu
Bukhara
Bukittinggi
Bulandshahr
Bulawayo
Bullhead City
Bulnes
Bumahen
Bundaberg
Bundi
Bunia
Burao
Burari
Burbank
Burbank
Burewala
Burgas
Burgos
Burhanpur
Burien
Burkburnett
Burley
Burlingame
Burlington
Burlington
Burlington
Burlington
Burnaby
Burnie
Burnsville
Bursa
Burshtyn
Burton
Bururi
Burzaco
Busan
Bushire
Busko County
Busselton
Busto Arsizio
Butare
Butembo
Butler
Butte
Butwal
Buuhoodle
Buyo
Buzen
Byblos
Bydgoszcz
Byelaazyorsk
Bytom
Byumba
Bârlad
Bécancour
Béchar
Béja
Béjaïa
Békéscsaba
Béthune
Bălți
Będzin
Bạc Liêu
Bắc Giang
Bắc Ninh
Bến Tre
Caacupé
Caazapá
Cabimas
Cabinda (city)
Cabo San Lucas
Cabot
Cabrero
Cabuyao
Cachoeirinha
Cadillac
Cadiz
Caeté
Cagua
Caguas
Cahul
Caibarién
Cairns
Cairo
Caivano
Calabar
Calabasas
Calafat
Calama
Calapan
Calapor
Calbuco
Caldas da Rainha
Caldera
Caldwell
Calera
Calexico
Calhoun
Cali
California City
Callaway
Calle Larga
Calumet City
Calvillo
Cam Ranh
Camagüey
Camargo
Camarillo
Camas
Camaçari
Cambridge
Cambridge
Cambridge
Camden
Camden
Camiri
Campana
Campbell
Campbell River
Campbellsville
Campeche City
Campobasso
Camrose
Canacona
Canandaigua (city)
Cananea
Cananéia
Canberra
Canby
Cancún
Candiac
Candon
Canelones
Cangzhou
Canlaon
Cannes
Canning
Canoas
Canterbury
Canton
Canton
Canton
Canton
Cantonment
Cantù
Canyon
Canyon Country
Canyon Lake
Cao Bằng
Cao Lãnh
Cape Coast
Cape Coral
Cape Girardeau
Capiatá
Capilla de Guadalupe
Capitán Bermúdez
Capua
Caracal
Caracas
Caraguatatuba
Carahue
Caransebeș
Carapeguá
Carbondale
Carcarañá
Cardiff
Carei
Carlisle
Carlsbad
Carlsbad
Carmel
Carmelo
Carmen de Patagones
Carora
Carpinteria
Carrara
Carroll
Carrollton
Carson
Carson City
Cartagena
Cartago
Cartago
Cartersville
Carthage
Carutapera
Casa Grande
Casablanca
Casablanca
Casilda
Casimiro Castillo
Casper
Casselberry
Castanhal
Castaños
Castel San Pietro Terme
Castelar
Castellaneta
Castellón de la Plana
Castiglion Fiorentino
Castle Pines
Castries
Castrop-Rauxel
Cataguases
Catalão
Catania
Catanzaro
Catemaco
Catemu
Cathedral City
Cauayan
Caucagua
Caucete
Cauquenes
Cava de' Tirreni
Cavite City
Caxias do Sul
Cayce
Cayenne
Cañada de Gómez
Cañete
Ceadîr-Lunga
Cedar City
Cedar Falls
Cedar Hills
Cedar Park
Cedar Rapids
Cedarburg
Cefalù
Cegléd
Celaya
Celina
Center Point
Centerville
Cento
Central Falls
Central Point
Centralia
Cenxi
Ceres
Cerrillos
Cerrillos
Cerritos
Cerritos
Cerro Azul
Cerro Navia
Cesena
Cetinje
Ceuta
Chabahar
Chabua
Chacabuco
Chachaura-Binaganj
Chahardangeh
Chaibasa
Chainpur
Chakdaha
Chaklasi
Chakwal
Chalala
Chalco de Díaz Covarrubias
Chalisgaon
Challakere
Chalthan
Chamblee
Chambly
Chambéry
Chamgardan
Chamoli Gopeshwar
Champaign
Champdani
Champlin
Champotón
Champua
Chamran
Chanasma
Chandameta-Butaria
Chandannagar
Chandauli
Chandaur
Chandausi
Chandia
Chandigarh
Chandili
Chandla
Chandler
Chandpur
Chandrapur
Chandurbazar
Changchun
Changde
Changji
Changsha
Changshu
Changwon
Changzhi
Changzhou
Chanhassen
Channapatna
Channarayapatna
Chanpatia
Chaohu
Chaoyang
Chaozhou
Chapel Hill
Charallave
Charata
Charkhari
Charleston
Charleston
Charlotte
Charlottesville
Charny
Chas
Chascomús
Chaska
Chattanooga
Chaumuhan
Chaupal
Chaurai Khas
Chañaral
Cheb
Chebba
Cheeka
Chelsea
Chelsea
Chemmumiahpet
Chemnitz
Chempanthotty
Chenaran
Cheney
Chengde
Chengdu
Chengmai County
Chennai
Chennimalai
Chenzhou
Cheonan
Cheongju
Cherbourg-Octeville
Cherkasy
Chernihiv
Chernivtsi
Cheruthazham
Chervonohrad
Chesapeake
Chesterfield
Chestermere
Chettiarpatti
Chetumal
Chevvoor
Chełm
Chhabra
Chhapar
Chhapra
Chhaprabhatha
Chhaprauli
Chharchha
Chhatari
Chhatatanr
Chhaya
Chhibramau
Chhindwara
Chhota Chhindwara
Chhota Gobindpur
Chhota Udaipur
Chhoti Sadri
Chhutmalpur
Chiang Mai
Chiang Rai (city)
Chiapa de Corzo
Chiatura
Chiba
Chibi City
Chibuto
Chicago
Chicago Heights
Chichawatni
Chichester
Chichibu
Chichli
Chicholi
Chickasha
Chico
Chicopee
Chieti
Chifeng
Chigasaki
Chikhli
Chikiti
Chikkanayakana Halli
Chikodi
Chikugo
Chikujō
Chikusei
Chikuzen
Chilca
Chilecito
Chilla Saroda Bangar
Chillicothe
Chilliwack
Chillán
Chillán Viejo
Chimbarongo
Chimbel
Chimbote
Chinandega
Chincholi
Chingola
Chiniot
Chinna Anuppanadi
Chinnachowk
Chinnakkampalayam
Chino
Chino Hills
Chinsurah
Chiplun
Chippewa Falls
Chiquimula
Chirchiq
Chirgaon
Chirkunda
Chirmiri
Chiryū
Chishtian
Chita
Chitbara Gaon
Chitgoppa
Chitose
Chitradurga
Chitrakoot
Chitrakoot Dham (Karwi)
Chittagong
Chittoor
Chittorgarh
Chivacoa
Chivilcoy
Chișinău
Chlef
Choctaw
Choghadak
Choibalsan (city)
Cholula
Chomu
Chongjin
Chongqing
Chongzhou
Choornikkara
Chopan
Chopda
Chornomorsk
Chortkiv
Chorvad
Chorzów
Choudwar
Chowchilla
Chowwara
Chrudim
Chubbuck
Chukai
Chula Vista
Chunar
Chuncheon
Chungju
Chunian
Churhat
Churi
Churu
Chust
Chuxiong City
Chuzhou
Chyhyryn
Châlons-en-Champagne
Châu Đốc
Chōfu
Chōshi
Cianorte
Cibolo
Ciego de Ávila
Cienfuegos
Cilegon
Cimahi
Cimișlia
Cinco Saltos
Circleville
Cirebon
Citrus Heights
Cittadella
City Municipality of Celje
City of Penrith
Ciudad Acuña
Ciudad Canatlán
Ciudad Constitución
Ciudad Cuauhtémoc
Ciudad Evita
Ciudad Guadalupe Victoria
Ciudad Guayana
Ciudad Juárez
Ciudad López Mateos
Ciudad Mante
Ciudad Nezahualcóyotl
Ciudad Nicolás Romero
Ciudad Real
Ciudad Victoria
Ciudad del Carmen
Ciudad del Este
Ciénega de Flores
Claremont
Claremont
Claremore
Clarence-Rockland
Clarksdale
Clarksville
Clawson
Clayton
Clayton
Clayton
Clearfield
Clearlake
Clearwater
Cleburne
Clement Town
Clemson
Clermont
Cleveland
Cleveland
Cleveland Heights
Clifton
Clinton
Clinton
Clinton
Clive
Cloquet
Clorinda
Clovis
Clovis
Cluj-Napoca
Clute
Coacalco de Berriozábal
Coachella
Coalinga
Coatesville
Coatzacoalcos
Cobija
Cochabamba
Cocoa
Coconut Creek
Cocula
Codlea
Coelemu
Coeur d'Alene
Coffeyville
Coffs Harbour
Cohoes
Coimbatore
Colac
Colares
Colatina
Cold Lake
Coldwater
Colina
College Park
College Park
College Station
Collegedale
Colleyville
Collinsville
Collipulli
Collo
Cologne
Colombo
Colonelganj
Colonial Heights
Colton
Columbia
Columbia
Columbia Heights
Columbus
Columbus
Columbus
Columbus
Columbus
Colwood
Colón
Comayagua
Combarbalá
Comilla
Comitán
Commerce
Como
Comodoro Rivadavia
Compton
Comrat
Comè
Concepción
Conchalí
Concord
Concord
Concord
Concón
Conneaut
Connersville
Conroe
Constitución
Contagem
Converse
Conway
Conyers
Cooch Behar
Cookeville
Coolidge
Coon Rapids
Cooper City
Cooper's Camp
Coos Bay
Copargo
Copiapó
Coppell
Copperas Cove
Coquimatlán
Coquimbo
Coquitlam
Coral Gables
Coral Springs
Coralville
Corcoran
Cordele
Corinth
Corinth
Cornelius
Corner Brook
Corona
Coronado
Coronda
Coronel
Coronel Oviedo
Corpus Christi
Corrientes
Corsicana
Cortland
Corvallis
Cosenza
Coshocton
Coslada
Costa Mesa
Cotonou
Cottage Grove
Cottbus
Cottonwood
Cottonwood Heights
Cotuí
Council Bluffs
Country Club Hills
County of Brant
Courtenay
Covina
Covington
Covington
Covington
Cové
Cowansville
Coyhaique
Cranbrook
Cranston
Crawfordsville
Cremona
Crespo
Crest Hill
Crestview
Crestwood
Creve Coeur
Criciúma
Crossville
Crotone
Crowley
Crowley
Crown Point
Cruz
Cruz del Eje
Crystal
Cuamba
Cuautitlán
Cuautitlán Izcalli
Cuautitlán de García Barragán
Cuautla
Cubatão
Cudahy
Cudahy
Cuddalore
Cuenca
Cuenca
Cuernavaca
Cuiabá
Culiacán
Cullman
Culver City
Cumberland
Cuncolim
Cuneo
Cupertino
Curacautín
Curacaví
Curanilahue
Curaçá
Curicó
Curitibanos
Curtea de Argeș
Curti
Cusco
Cusseta
Cutral Có
Cuttack
Cuyahoga Falls
Cyangugu
Cypress
Częstochowa
Cà Mau
Cádiz
Câmpia Turzii
Câmpina
Câmpulung
Câmpulung Moldovenesc
Córdoba
Côte-Saint-Luc
Cúcuta
Căușeni
Cəlilabad
Cần Thơ
Cẩm Phả
Da Lat
Dabhoi
Daboh
Dabola
Dadri
Daegu
Dahegam
Dahod
Daisen
Dajabón
Dakhla
Dakor
Dalbandin
Dali City
Dalian
Dalkhola
Dallas
Dallas
Dallas
Dalli Rajhara
Dallo Pura
Daloa
Dalsinghsarai
Dalton
Daly City
Daman
Damanhur
Damascus
Damaturu
Damavand
Damghan
Dammam
Damnagar
Damoh
Damua
Dana Point
Danané
Danapur
Danbury
Dandong
Dangbo
Dania Beach
Dankaur
Dantewada
Danville
Danville
Danzhou
Dapaong
Daphne
Dapitan
Dapoli Camp
Daqing
Daraa
Darab
Daran
Darbhanga
Dardenne Prairie
Darien
Dariyabad
Darjeeling
Darmstadt
Darvishabad
Darwha
Darwin
Daska
Dasmariñas
Dasna
Dassa-Zoumé
Dastgerd
Dataganj
Datong
Dattapur Dhamangaon
Daugavpils
Daund
Daurala
Dausa
Davanagere
Davenport
David
Davis
Davorlim
Dawson Creek
Dayal Pur
Daye
Dayton
Daytona Beach
Dazaifu
Daşkəsən
Daşoguz
De Pere
DeBary
DeKalb
DeLand
DeRidder
DeSoto
Dearborn
Dearborn Heights
Debagarh
Debaltseve
Debar
Debre Berhan
Debre Marqos
Debre Tabor
Debrecen
Decatur
Decatur
Deeg
Deer Park
Deerfield Beach
Deesa
Defiance
Degana
Deglur
Dehdasht
Dehgolan
Dehloran
Dehradun
Dehri
Dehu Road
Deir Atiyah
Deir al-Balah
Deir ez-Zor
Dej
Del City
Del Rio
Delano
Delaware
Delhi
Delicias
Delijan
Dellys
Delray Beach
Deltona
Dengfeng
Dengzhou
Denham Springs
Denizli
Denkanikottai
Denpasar
Denver
Deoband
Deogarh
Deoghar
Deolali Pravara
Deoli
Deoli
Deoli
Deolond
Deoranian
Deori
Deoria
Depok
Dera Bassi
Dera Ghazi Khan City
Deracolliery Township
Derby
Derna
Des Moines
Des Plaines
Desamparados
Desert Hot Springs
Desouk
Dessau
Dessau-Roßlau
Dessie
Destin
Detmold
Detroit
Deulgaon Raja
Deux-Montagnes
Deva
Devadanapatti
Devarshola
Devendranagar
Devgadh Baria
Deyang
Dezab
Dezful
Dezhou
Deán Funes
Dhahran
Dhaka
Dhamnod
Dhampur
Dhamtari
Dhana
Dhanaula
Dhanauli
Dhanaura
Dhanbad
Dhandera
Dhandhuka
Dhanera
Dhangadhi
Dhankuta
Dhanpuri
Dhanwar
Dhar
Dharamkot
Dharampuri
Dharamsala
Dharan
Dharangaon
Dhariawad
Dharmanagar
Dharmapuri
Dharmavaram
Dharoti Khurd
Dharuhera
Dharur
Dharwad
Dhaurehra
Dhenkanal
Dhing
Dholka
Dholpur
Dhoraji
Dhrangadhra
Dhrol
Dhule
Dhulian
Dhupguri
Diamante
Diamond Bar
Diamond Harbour
Dibai
Dibiyapur
Dibrugarh
Dickinson
Dickinson
Dickson
Didwana
Diego de Almagro
Dieppe
Diffa
Digdoh
Digos
Dijon
Dili
Dimapur
Dimapur-Chumukedima
Dinapur Cantonment
Dindigul
Ding'an County
Dingxi
Dingzhou
Dinuba
Dipka
Dipolog
Dirba
Dire Dawa
Diu
Divandarreh
Dixon
Dixon
Diyarbakır
Dizicheh
Djakotomey
Djanet
Djelfa
Djidja
Djougou
Dnipropetrovsk
Dniprorudne
Doba
Doba
Doboj
Dobropillia
Doda
Doddaballapura City Municipal Council
Dodge City
Dogbo-Tota
Dogonbadan
Doha
Dohrighat
Dola
Dolbeau-Mistassini
Dolisie
Dollard-des-Ormeaux
Dolyna
Domoni
Dompu
Dondo
Dondușeni
Donetsk
Dongar Parasia
Dongargaon
Dongargarh
Dongfang
Dongguan
Donghae City
Dongtai
Dongyang
Dongying
Donji grad (Osijek)
Donna
Doraha
Doral
Dorcheh Piaz
Dornbirn
Dorohoi
Dortmund
Doruma
Dorval
Dosquebradas
Dosso
Dothan
Douglas
Douglas
Douglasville
Douliu
Dover
Dover
Dover
Downey
Downtown Yangon
Doñihue
Drahichyn
Drammen
Draper
Drarga
Dresden
Drobeta-Turnu Severin
Drochia
Drohobych
Drummondville
Druskininkai
Druzhkivka
Drøbak
Drăgășani
Dschang
Duarte
Duba
Dubai
Dubai International City
Dubbo
Dublin
Dublin
Dublin
Dublin
Dubno
Dubrovnik
Dubuque
Dubăsari
Duderstadt
Dudhani
Dudhi
Dudhrej
Duisburg
Duitama
Dujiangyan City
Dukhan
Duliajan Oil Town
Duluth
Duluth
Dumaguete
Dumai
Dumas
Dumka
Dunaivtsi
Dunakeszi
Dunaújváros
Duncan
Duncanville
Dundahera
Dundee
Dunedin
Dungarpur
Dungra
Dungun District
Dunhua
Dunhuang
Dunwoody
Durango City
Durant
Durazno
Durgapur
Durham
Durlești
Durán
Duvergé
Duyun
Dwarka
Dyane
Dyersburg
Dzhankoy
Dzyarzhynsk
Dédougou
Düsseldorf
Dąbrowa Górnicza
Dębica
Eagan
Eagle
Eagle Mountain
Easley
East Bethel
East Chicago
East Cleveland
East Grand Rapids
East Lansing
East Liverpool
East Longmeadow
East Moline
East Orange
East Palo Alto
East Peoria
East Point
East Providence
East Ridge
East St. Louis
East Wenatchee
Easthampton
Eastlake
Easton
Eastpointe
Eastvale
Eau Claire
Ebetsu
Ebina
Edaganasalai
Edaikodu
Edappadi
Edathala
Eden
Eden Prairie
Edessa
Edgewater
Edina
Edinburg
Edinburgh
Edmond
Edmonds
Edmonton
Edo
Edogawa
Edwardsville
Edéa
Effingham
Eger
Eggenberg (Graz)
Eibar
Eisenstadt
Ejutla de Crespo
Eklahare
El Ain
El Alto
El Bosque
El Cajon
El Calafate
El Campo
El Centro
El Cerrito
El Consejo
El Dorado
El Dorado
El Espinal
El Eulma
El Fuerte
El Grullo
El Hajeb
El Harrach
El Jadida
El Kef
El Mina
El Mina
El Mirage
El Monte
El Monte
El Oued
El Paso
El Quinche
El Quisco
El Reno
El Rosario
El Segundo
El Taref
El Trébol
El Viso del Alcor
Elbląg
Elda
Eldoret
Elektrėnai
Elgin
Elizabeth
Elizabethtown
Elk City
Elk Grove
Elk River
Elkhart
Elkhorn
Elko
Ellenabad
Ellensburg
Elliot Lake
Elmhurst
Elmira
Eloy
Elumalai
Eluru
Elyria
Emeryville
Emmerich am Rhein
Empedrado
Emporia
Ena
Encarnación
Encinitas
Enerhodar
Engaru
Englewood
Englewood
English Bazar
Enid
Enna
Ennis
Ensenada
Ensenada
Enterprise
Enticho (woreda)
Enugu
Enumclaw
Envigado
Eppelheim
Eqlid
Eraclea
Erdenet
Erfurt
Ergun City
Erie
Erigavo
Erlangen
Erlanger
Errachidia
Esashi
Escada
Escalante
Escanaba
Escondido
Escuinapa de Hidalgo
Escuintla
Escárcega
Esfarvarin
Eshtehard
Eskilstuna
Eskişehir
Eslamabad-e Gharb
Esmeraldas
Española
Esquina
Essaouira
Essen
Esslingen am Neckar
Estahban
Estevan
Etah
Etawah
Etmadpur
Ettayapuram
Etzatlán
Euclid
Eufaula
Eugene
Euless
Eunice
Eureka
Eureka
Eustis
Evanston
Evansville
Evaz
Everett
Excelsior Springs
Exeter
Exu
Eyvan
Eyvanki
Ezeiza
Ezhudesam
FRI and College Area
Facatativá
Fada N'gourma
Faenza
Fairbanks
Fairborn
Fairburn
Fairfax
Fairfield
Fairfield
Fairfield
Fairhope
Fairmont
Fairview Heights
Fairview Park
Faisalabad
Faiyum
Faizabad Cantonment
Faizganj
Faizpur
Fajardo
Falavarjan
Fall River
Falls Church
Fallujah
Falna
Falun
Famagusta
Famaillá
Fanar (Matn)
Faradonbeh
Farafangana
Farashband
Fargo
Faribault
Faridabad
Faridnagar
Farkhar
Farmers Branch
Farmersville
Farmington
Farmington
Farmington
Farmington
Farmington Hills
Farooqnagar
Farrokh Shahr
Farrukhabad
Farrukhnagar
Farsan
Faruj
Fasa
Fastiv
Fatehabad
Fatehganj Pashchimi
Fatehgarh Churian
Fatehgarh Sahib
Fatehnagar
Fatehpur
Fatehpur Sikri
Faya-Largeau
Fayetteville
Fayetteville
Fayetteville
Fazilka
Federación
Federal Way
Feeding Hills
Feira Nova
Feira de Santana
Fenton
Fereydunkenar
Fereydunshahr
Fergana
Fergus Falls
Ferguson
Ferkessédougou
Fernandina Beach
Ferndale
Ferndale
Fernley
Ferozepur Jhirka
Ferrara
Ferreiros
Ferrol
Festus
Fetești
Feyzabad
Fez
Fianarantsoa
Fillmore
Findlay
Fiorenzuola d'Arda
Firozabad
Firozpur
Firuzabad
Firuzkuh
Fishers
Fitchburg
Flagstaff
Flint
Florence
Florence
Florence
Florești
Florianópolis
Florida
Florida City
Florissant
Focșani
Foggia
Foley
Folsom
Fomboni
Fond du Lac
Fondi
Fontana
Forbesganj
Forest Acres
Forest Grove
Forest Hill
Forest Lake
Forest Park
Forest Park
Formia
Forney
Forrest City
Fort Atkinson
Fort Dodge
Fort Lauderdale
Fort Madison
Fort Myers
Fort Payne
Fort Pierce
Fort Saskatchewan
Fort Smith
Fort St. John
Fort Thomas
Fort Walton Beach
Fort Wayne
Fort Worth
Fortuna
Fortín de las Flores
Foshan
Foster City
Fostoria
Foumban
Fountain Valley
Fraita
Franceville
Francisco Morato
Frankfort
Frankfort
Frankfurt
Franklin
Franklin
Franklin
Franklin
Franklin
Fraser
Fray Bentos
Fray Luis Beltrán
Frederick
Fredericksburg
Fredericksburg
Frederico Westphalen
Fredericton
Fredrikstad
Freelandgunj
Freeport
Freiburg im Breisgau
Fremantle
Fremont
Fremont
Fremont
Fresnillo
Fresno
Fridley
Friedrichshafen
Friendswood
Frisco
Frutillar
Frías
Fuchū
Fuefuki
Fuenlabrada
Fujieda
Fujimi
Fujimi
Fujimino
Fujinomiya
Fujioka
Fujisawa
Fujiyoshida
Fukang
Fukaya
Fukuchi
Fukude
Fukui
Fukuoka
Fukuroi
Fukushima
Fukuyama
Fuladshahr
Fulda
Fullerton
Fulton
Fulton
Fuman
Funabashi
Funchal
Funes
Fushun
Fussa
Futtsu
Fuxin
Fuyang
Fuzhou
Fuzhou
Fürth
Füzuli
Făgăraș
Fălești
Fălticeni
Gabane
Gabiley
Gaborone
Gabrovo
Gabès
Gadag-Betageri
Gadarpur
Gadarwara
Gadchiroli
Gaddi Annaram
Gadhada
Gadhinglaj
Gadhra
Gadsden
Gaeta
Gaffney
Gahanna
Gainesville
Gainesville
Gainesville
Gaithersburg
Gajraula
Gajularega
Galați
Galena Park
Galesburg
Galikash
Galion
Galkayo
Gallarate
Gallatin
Galle
Gallup
Galt
Galveston
Galway
Gamagōri
Gambela
Ganapathipuram
Ganaur
Gandai
Ganderbal
Gandevi
Gandhidham
Gandhigram
Gandhinagar
Gandhinagar
Gandia
Gangaghat
Gangakhed
Gangapur
Gangapur
Gangapur
Gangavalli
Gangneung
Ganguvarpatti
Ganjdundwara
Gao
Gaobeidian
Gaomi
Gaoyou
Gaozhou
Gapan
Garango
Garching bei München
Garden City
Garden City
Garden City
Garden Grove
Gardena
Gardendale
Gardez
Gardner
Gardner
Garfield
Garfield Heights
Garhakota
Garhi Pukhta
Garhi-Malhara
Garhshanker
Garhwa
Gariadhar
Garland
Garliava
Garmsar
Garoua
Gary
Gaspé
Gastonia
Gatesville
Gatineau
Gaura Barhaj
Gauribidanur
Gauripur
Gautier
Gaya
Gaz
Gaza City
Gaziantep
Gbarnga
Gdańsk
Gdynia
Geelong
Geesthacht
Gejiu
Geldern
Gelsenkirchen
Gemena
General Alvear
General Carneiro
General Escobedo
General Güemes
General Roca
General Rodríguez
General Trias
Geneva
Genhe
George Town
George Town
Georgetown
Georgetown
Georgetown
Gera
Geraldton
Germantown
Germi
Gevrai
Ghantapada
Gharaunda
Ghardaïa
Gharoli
Gharyan
Ghatampur
Ghatanji
Ghaziabad
Ghazipur
Ghazni
Gheorgheni
Gherla
Ghiraur
Ghoghardiha
Ghorabandha
Ghorahi
Ghosia Bazar
Ghoti Budruk
Ghughali
Ghugus
Ghulewadi
Giddarbaha
Giengen
Gifu
Gijón
Gilgit
Gillette
Gilroy
Gimje
Gingoog
Ginowan
Girga
Girona
Gisenyi
Gitarama
Gitega
Giugliano in Campania
Giurgiu
Giza
Gjakova
Gjilan
Gladbeck
Gladstone
Gladstone
Glasgow
Glasgow
Glazoué
Glen Cove
Glendale
Glendale
Glendora
Glenn Heights
Glenpool
Glens Falls
Gliwice
Glodeni
Gloucester
Gloucester City
Gloversville
Glória do Goitá
Gnanmangui
Gniezno
Goalpara
Gobabis
Gobernador Virasoro
Gobranawapara
Godadara
Godavarikhani
Godda
Godhra
Godoli
Godoy Cruz
Gogaon
Gogawan
Gogounou
Gogri Jamalpur
Gohad
Gohana
Goiana
Gojra
Gokak
Gokal Pur
Gola Gokarannath
Golaghat
Gold Coast
Goldasht
Golden Valley
Goldsboro
Goleta
Golmud
Golpayegan
Golsar
Goma
Gombe
Gomishan
Gonabad
Gonbad-e Kavus
Gonda
Gondal
Gondia
Gongju
Goniana
González Catán
Goodlettsville
Goodyear
Goose Creek
Gopamau
Gopiganj
Gorakhpur
Goražde
Gorbea
Gori
Gorkha Municipality
Gorlice
Gormi
Gorontalo (city)
Gorzów Wielkopolski
Gosen
Gosford
Goshainganj
Goshen
Goshogawara
Gossaigaon
Gostivar
Gotemba
Gotha
Gothenburg
Gothra
Gotvand
Goulburn
Goulmima
Govardhan
Goychay (city)
Goygol (city)
Graham
Grain Valley
Granada
Granada
Granadero Baigorria
Grand Falls-Windsor
Grand Forks
Grand Haven
Grand Island
Grand Prairie
Grand Rapids
Grand Rapids
Grand Terrace
Grand-Popo
Grande Prairie
Grandview
Grandview
Grandville
Graneros
Granite City
Granollers
Grants Pass
Grapevine
Grass Valley
Great Bend
Great Falls
Greater Sudbury
Grecia
Green
Green Bay
Green River
Greenacres
Greenbelt
Greencastle
Greenfield
Greenfield
Greenfield Park
Greensboro
Greensburg
Greenville
Greenville
Greenville
Greenville
Greenville
Greenwood
Greenwood
Greenwood
Greer
Gregorio de Laferrère
Greifswald
Grenada
Gresham
Gretna
Griffin
Griffith
Grigiškės
Grodno
Groenlo
Grosse Pointe Park
Grosse Pointe Woods
Grosseto
Grove City
Grover Beach
Groves
Grovetown
Grudziądz
Gua
Guachochi
Guadalajara
Guadalupe
Guadalupe
Gualeguay
Gualeguaychú
Guamúchil
Guanajuato City
Guanare
Guanghan
Guangyuan
Guangzhou
Guantánamo
Guaranda
Guarapuava
Guaratuba
Guarenas
Guasave
Guasdualito
Guatire
Guayama
Guayaquil
Guaymas
Guaíba
Gudivada
Guelmim
Guelph
Guernica
Gugan
Guiglo
Guihulngan
Guilin
Guiping
Guiratinga
Guiyang
Gujar Khan
Gujranwala
Gulabpura
Gulaothi
Gulbarga
Gulf Shores
Gulfport
Gulfport
Gulu
Gumla
Gummidipoondi
Gun Carriage Factory Jabalpur
Guna
Gunnaur
Gunsan
Guntakal
Guntur
Gunungsitoli
Gurdaspur
Gurgaon Rural
Gurh
Guriahati
Gurmatkal
Gursahaiganj
Gursarai
Guru Har Sahai
Guthrie
Gutiérrez Zamora
Guwahati
Guymon
Gwacheon
Gwalior inscription of Mihirakula
Gwangmyeong
Gweru
Gyanpur
Gyeongju
Gyeryong
Gympie
Gyumri
Gyōda
Győr
Gálvez
Gävle
Gómez Palacio
Göytəpə
Gütersloh
Ha'il
Haaren (Aachen)
Habra
Hachimantai
Hachinohe
Hachiōji
Hackensack
Hadano
Hadiach
Hadishahr
Haeju
Hafar Al-Batin
Hafshejan
Haftkel
Hagen
Hagerstown
Hagi
Haibara
Haicheng
Haidergarh
Haifa
Haikou
Haines City
Hajdúböszörmény
Hajipur
Hajjah
Hajjiabad
Hajjiabad
Hakodate
Halabja
Haldaur
Haldimand County
Haldwani
Half Moon Bay
Halhul
Halisahar
Hallandale Beach
Halol
Haltom City
Haludbani
Halvad
Ham Lake
Hama
Hamamatsu
Hamaoka
Hamar
Hamburg
Hami City
Hamidiya
Hamilton
Hamilton
Hamilton
Hamirpur
Hamm
Hammond
Hammond
Hampton
Hamtramck
Hamura
Hamza
Hanahan
Hanamaki
Handa
Handan
Hanford
Hangzhou
Hannan
Hannibal
Hannō
Hanover
Hansi
Hantsavichy
Hanumangarh
Hanyū
Hanzhong
Happy Valley
Harar
Harare
Harbin
Hardoi
Hargaon
Harihar
Harij
Harker Heights
Harlingen
Harmah
Harnaut
Harpalpur
Harpanahalli
Harper Woods
Harrisburg
Harrison
Harrisonburg
Harrisonville
Harsud
Hartselle
Harur
Hasanabad
Hasanpur
Hashima
Hashimoto
Hashtgerd
Hashtpar
Hashtrud
Hasilpur
Haskovo
Hastinapur
Hastings
Hastsal
Hasuda
Hat Yai
Hata
Hathras
Hatpipalya
Hatti Gold Mines
Hattiesburg
Havana
Haveli Lakha
Havelock
Haverhill
Havre de Grace
Havířov
Hawaiian Gardens
Hawthorne
Hayashima
Hayden
Hays
Haysville
Hayward
Hazaribagh
Hazel Park
Hazelwood
Hazleton
Healdsburg
Heath
Heber City
Hebi
Hebron
Hecelchakán
Hefei
Hegang
Heggadadevana kote
Heidelberg
Heihe
Heilbronn
Hejian
Hekinan
Helena
Helena
Helena
Helmstedt
Helong
Helsingør
Helwan
Hemet
Henderson
Henderson
Henderson
Henderson
Hendersonville
Hendersonville
Hendijan
Hengshui
Hengyang
Henichesk
Herat
Herat
Hercules
Heredia
Hereford
Hereford
Hermiston
Hermitage
Hermosa Beach
Hermosillo
Hernando
Herning
Herohalli
Herriman
Herrin
Hervey Bay
Heshan
Hesperia
Heves
Hewitt
Heyuan
Heze
Hezuo
Hialeah
Hialeah Gardens
Hibbing
Hickory Hills
Hidaj
Hidaka
Hidakagawa
Hidalgo
Higashikurume
Higashimatsushima
Higashimatsuyama
Higashimurayama
Higashine
Higashiyamato
High Point
Highland
Highland
Highland Park
Highland Village
Hijuelas
Hikari
Hilden
Hildesheim
Hillah
Hillerød
Hilliard
Hillsboro
Hilsa
Hilton Head Island
Himamaylan
Himatnagar
Hindalgi
Hindaun
Hindoria
Hindupur
Hinesville
Hingoli
Hino
Hino
Hirakawa
Hiratsuka
Hirekerur
Hirosaki
Hiroshima
Hisar Urban Agglomeration
Hisua
Hitachi
Hitachinaka
Hitachiōmiya
Hitachiōta
Hlukhiv
Hobart
Hobart
Hobbs
Hoboken
Hobyo
Hodal
Hodogaya-ku
Hohhot
Hojai
Hokota
Hokuei
Hokuto
Hola Prystan
Holguín
Holingol
Holladay
Hollister
Holly Hill
Hollywood
Holmestrand
Holyoke
Homestead
Homewood
Homs
Hongjiang
Hongseong County
Honiara
Honjō
Honolulu
Hoover
Hoovina Hadagali
Hope
Hopewell
Hopkins
Hopkinsville
Horishni Plavni
Horizon City
Horlivka
Horn Lake
Horodnia
Horodok
Horodok
Horsens
Horsham
Hoshiarpur
Hoskote
Hospet
Hot Springs
Hotan
Houma
Houndé
Houston
Houéyogbé
Hoveyzeh
Howly
Howrah
Hradec Králové
Hrebinka
Hsinchu
Huadian
Huai'an
Huaibei
Huaihua
Huainan
Huajuapan de León
Hualien City
Huanggang
Huangshan City
Huangshi
Huatabampo
Huazhou
Hubbathala
Huber Heights
Hubli
Hudiksvall
Hudson
Huechuraba
Huehuetenango
Huejotzingo
Huelva
Huesca
Hueytown
Hugli-Chuchura
Hugo
Huitzuco
Huizhou
Huliaipole
Huligal
Hulin
Huludao
Hulunbuir
Humahuaca
Humble
Hunagunda
Hunedoara
Hunsur
Huntington
Huntington
Huntington Beach
Huntington Park
Huntsville
Huntsville
Huozhou
Hupari
Hurghada
Hurricane
Hurst
Hussainabad
Hussainpur
Hutchinson
Hutchinson
Hutto
Huzhou
Huși
Huế
Hwaseong
Hyattsville
Hyderabad
Hyderabad
Hyesan
Hyūga
Hà Giang
Hà Tiên
Hîncești
Hódmezővásárhely
Hønefoss
Hōfu
Hōrai
Hōya
H̨awţah Sudayr
Hạ Long
Hải Dương
Hội An
IJmuiden
Ialoveni
Iași
Ibadan
Ibarra
Ibb
Ibiza (town)
Ibri
Ichalkaranji
Ichhawar
Ichihara
Ichikawa
Ichinomiya
Idaho Falls
Idaikattur
Idar
Idlib
Ifangni
Ife
Ifrane
Iguala
Iizaka
Iizuna
Ijebu Ode
Ikeja
Iki
Ikorodu
Iksan
Ilam
Ilamatlán
Ilhéus
Ilkhchi
Illapel
Illintsi
Ilobu
Ilorin
Iltifatganj Bazar
Iluppur
Imabari
Imanshahr
Imizu
Imperial
Imperial Beach
Imphal
Imus
Inabe
Inagi
Inasa
Inashiki
Inazawa
Incheon
Indapur
Independence
Independence
Independencia
Indergarh
Indianapolis
Indianola
Indianola
Indio
Indore
Indranagar
Inezgane
Inglewood
Ingolstadt
Inhambane
Inkerman
Inkster
Inowrocław
Integrated urban water management in Medellín
Inuyama
Inver Grove Heights
Inverness
Inzai
Ionia
Iowa City
Ipiales
Ipiaú
Ipoh
Iquique
Iranshahr (city)
Irapuato
Iriga
Iringa
Iriveri
Irondale
Ironton
Irpin
Iruma
Irving
Ise
Isehara
Iserlohn
Isesaki
Isfara
Ishigaki
Ishinomaki
Ishioka
Isidro Casanova
Iskandariya
Islamabad
Islamnagar
Islampur
Islampur
Ismailia
Ispica
Issaquah
Istanbul
Istaravshan
Istok
Istočno Sarajevo
Isumi
Itagüí
Itahari
Itaituba
Itako
Itambacuri
Itanagar
Itaparica
Itapema
Itapipoca
Itarsi
Itauguá
Ithaca
Itoigawa
Itoman
Itoshima
Itri
Itsukaichi
Ituzaingó
Itō
Ivanava
Ivano-Frankivsk
Ivatsevichy
Iwaki
Iwaki
Iwakuni
Iwakura
Iwami
Iwanuma
Iwata
Iwo
Ixmiquilpan
Ixtapaluca
Ixtepec
Ixtlahuacán de los Membrillos
Izamal
Izeh
Iziaslav
Izmail
Izola
Izu
Izunagaoka
Izunokuni
Jabalpur
Jabalpur Cantonment
Jableh
Jabriya
Jaca
Jacareí
Jacinto City
Jackson
Jackson
Jackson
Jackson
Jacksonville
Jacksonville
Jacksonville
Jacksonville
Jacksonville
Jacksonville
Jacksonville Beach
Jacona
Jadugora
Jaffna
Jaffrabad
Jafrabad
Jagadanandapur
Jagadhri
Jagalur
Jagathala
Jagatsinghpur
Jagdalpur
Jagdishpur (Industrial Area)
Jagiroad
Jagodina
Jagraon
Jahanabad
Jahangirabad
Jahangirpur
Jahazpur
Jahrom
Jainagar
Jaipur
Jais
Jaisalmer
Jaitaran
Jaithara
Jaitu
Jajce
Jajmau
Jajpur
Jalakandapuram
Jalalabad
Jalalabad
Jalalpore
Jalalpur
Jalalpur Jattan
Jalandhar
Jalandhar Cantonment
Jalaun
Jalda
Jaleq
Jalgaon
Jalladiampet
Jalna
Jalore
Jalostotitlán
Jalpaiguri
Jam
Jam Jodhpur
Jamai
Jamalpur
Jambai
Jambi City
Jambusar
Jamestown
Jamestown
Jamkhambhaliya
Jamkhed
Jammikunta
Jammu
Jammu Cantonment
Jamnagar
Jampur
Jamshedpur
Jamshoro
Jamtara
Jamui
Janakpur
Janakpur Road
Janesville
Jaora
Jaraguá do Sul
Jaramana
Jaro
Jarwal
Jasdan
Jasidih
Jasim
Jask
Jasper
Jasper
Jaspur
Jastrzębie-Zdrój
Jaswantnagar
Jatara
Jauja
Jaunpur
Javanrud
Jawhar
Jaworzno
Jayapura
Jaysingpur
Jazan Economic City
Jaén
Jebba
Jeddah
Jeffersontown
Jeffersonville
Jehanabad
Jejuri
Jelenia Góra
Jelgava
Jena
Jendouba
Jenin
Jenks
Jennings
Jennings
Jeongeup
Jeonju
Jerez de la Frontera
Jericho
Jerome
Jersey City
Jessheim
Jesup
Jesús María
Jesús María
Jetpur
Jevargi
Jewar
Jeypore
Jezkazgan
Jhabua
Jhajjar
Jhalawar
Jhalda
Jhalrapatan
Jhalu
Jhang
Jhansi
Jhansi Railway Settlement
Jhargram
Jharia
Jharia Khas
Jharsuguda
Jhelum
Jhinjhak
Jhinkpani
Jhumri Telaiya
Jhunjhunu
Jhusi
Jhusi Kohna
Ji'an
Jiamusi
Jian'ou
Jiangmen
Jiangyin
Jianshui County
Jiaohe
Jiaonan
Jiaozuo
Jiaxing
Jiayuguan City
Jiexiu
Jieyang
Jihlava
Jijel
Jijiga
Jimma
Jinan
Jinchang
Jincheng
Jind
Jingdezhen
Jinggangshan City
Jinghong
Jingjiang
Jingmen
Jingxi
Jingzhou
Jinhua
Jining
Jinjiang
Jinotepe
Jintur
Jinzhong
Jinzhou
Jinzhou
Jirapur
Jiroft
Jishou
Jiujiang
Jiuquan
Jiwan Pur
Jiwani
Jixi
Jiyanpur
Jiyuan
Jizan
Jizzakh
Joaçaba
Jobat
Jobner
Jocotepec
Joda
Jodhpur
Jogendranagar
Johns Creek
Johnston
Johnstown
Johor Bahru
Joliet
Joliette
Jonava
Jonesboro
Joondalup
Joplin
Jos
Joshipura
José C. Paz
Joura
Joya
Juan Griego
Juan José Ríos
Juazeiro
Jubail
Jugsalai
Juigalpa
Juiz de Fora
Julana
Junagadh
Junagarh
Junction City
Juneau
Junnar
Junqan
Junín
Jurbarkas
Juybar
Jyotirmath
Jászberény
Jönköping
Jēkabpils
Jōetsu
Jōsō
Jūrmala
Kabale
Kabankalan
Kabnur
Kabrai
Kabul
Kachhauna Patseni
Kadachira
Kadamakkudy
Kadapa
Kadayal
Kadaň
Kadi
Kadirur
Kadodara
Kadoma
Kadoma
Kaduqli
Kaga
Kagal
Kagoshima
Kaharlyk
Kahnuj
Kaifeng
Kailaras
Kailashpur
Kaimganj
Kaiping
Kairana
Kaithal
Kaithoon
Kaišiadorys
Kajang
Kakegawa
Kakhovka
Kakori
Kakrala
Kakuda
Kalady
Kalalè
Kalamazoo
Kalameshwar
Kalamnuri
Kalan Wali
Kalanaur
Kalanaur
Kalappanaickenpatti
Kalar
Kalavad
Kalavai
Kalayat
Kalgoorlie
Kali Chhapar
Kaliaganj
Kalispell
Kalisz
Kaliyakkavilai
Kalladaikurichi
Kallakudi
Kallakurichi
Kalluvathukkal
Kalmar
Kalmunai
Kalol
Kalol (Panchmahal)
Kalpi
Kalundborg
Kalush
Kalyan
Kama
Kamagaya
Kamaishi
Kamakura
Kamal Shahr
Kamalganj
Kaman
Kamarhati
Kami
Kami
Kamianets-Podilskyi
Kamianka
Kamianka-Buzka
Kamianka-Dniprovska
Kamianske
Kamin-Kashyrskyi
Kamina
Kaminoyama
Kamisu
Kamloops
Kamo
Kamogawa
Kampli
Kampong Cham (city)
Kampot (city)
Kamptee
Kamrej
Kamshet
Kamunting
Kamuthi
Kamyaran
Kanagi
Kanakpur-Kansad
Kananga
Kanazawa
Kanbara
Kanchipuram
Kanchrapara
Kanda
Kandahar
Kandari
Kandhla
Kandra
Kandy
Kangavar
Kanggye
Kangrali (BK)
Kanhan (Pipri)
Kanhangad
Kani
Kaniv
Kanjikoil
Kankakee
Kankan
Kanke
Kannad
Kannadendal
Kannadiparamba
Kannankurichi
Kannapolis
Kannauj
Kannivadi
Kannod
Kannur
Kannur East
Kannur North
Kano
Kanodar
Kanor
Kanpur
Kanpur Cantonment
Kansas City
Kansas City
Kant (Shahjahanpur)
Kanth
Kanti
Kanuma
Kapadvanj
Kapas Hera
Kapasan
Kapfenberg
Kapolei
Kaposvár
Kappiyarai
Kapra
Kapren
Kaptanganj
Kapurthala
Karachi
Karad
Karaganda
Karahrud
Karaikudi
Karaj
Karakol
Karamay
Karambakkam
Karanja Lad
Karanje Turf Satara
Karanjia
Karanpur
Karari
Karauli
Karbala
Kareli
Karera
Kargil
Kariamangalam
Kariapatti
Karimnagar
Karivali
Kariya
Karjan
Karjat
Karlovac
Karlsruhe
Karlstad
Karmala
Karnal
Karnawad
Karnawal
Karoran
Karumandi Chellipalayam
Karungal
Karunguzhi
Karuppur
Karuvanthuruthy
Karviná
Kasai
Kasama
Kasara
Kasganj
Kashan
Kashima
Kashipur
Kashiwa
Kashiwazaki
Kashmar
Kasrawad
Kassel
Kasugai
Kasukabe
Kasumigaura
Kasur
Katagami
Katangi
Katera
Katghar Lalganj
Katghora
Kathua
Kathujuganapalli
Katihar
Katni
Katol
Katori
Katowice
Katra
Katras
Katsina
Katsuura
Katsuyama
Kattuputhur
Katy
Katō
Kaukauna
Kaunas
Kavar
Kaveripakkam
Kaveripattinam (Dharmapuri)
Kawagoe
Kawaguchi
Kawanishi
Kawardha
Kawartha Lakes
Kawasaki
Kawasaki
Kaya
Kayanza
Kayes
Kayseri
Kaysville
Kazaure
Kazerun
Kazo
Kazuno
Kaçanik
Kaédi
Kearney
Kebri Beyah (woreda)
Kebumen City
Keelung
Keene
Keetmanshoop
Keezhapavur
Keizer
Kekri
Kela Khera
Kelachay
Kelamangalam
Kelishad va Sudarjan
Keller
Kelowna
Kelso
Kembainaickenpalayam
Kemri
Kendari
Kendujhar
Kenema
Kenitra
Kenmore
Kenner
Kennesaw
Kennett
Kennewick
Kenora
Kenosha
Kentwood
Keokuk
Kerakat
Kerch
Keren
Kerman
Kerman
Kermanshah
Kerrville
Kesennuma
Keshod
Kesrisinghpur
Keszthely
Ketalem and Sadat Shahr
Kettering
Kevadiya
Kewanee
Key West
Khachmaz District
Khachrod
Khadda
Khagaria
Khagaul
Khagrabari
Khailar
Khair
Khairabad
Khairagarh
Khairpur Tamiwali
Khalil Shahr
Khalilabad
Khamanon
Khamaria
Khamaria
Khambhat
Khamgaon
Khamis Mushait
Khammam
Khan Bebin
Khanaqin
Khanauri
Khand (Bansagar)
Khandala
Khandela
Khandwa
Khaniyadhana
Khanpur
Kharaghoda
Kharagpur
Kharameh
Khardaha
Kharg
Khargapur
Khargone
Khariar
Khariar Road
Kharkhoda
Kharkhoda (Haryana)
Kharkiv
Khartoum
Khartsyzk
Kharv
Khasab
Khash
Khatauli Rural
Khategaon
Khatima
Kheda
Khedbrahma
Khelari
Khemkaran
Khenchela
Kheragarh
Kheralu
Kherdi
Kheri
Kherli
Kherson
Khetia
Khetri
Khilchipur
Khirkiya
Khiva
Khmelnytskyi
Khobar
Khomam
Khomeyn
Khon Kaen
Khongapani
Khoni
Khonj
Khopoli
Khordha
Khormoj
Khorramabad
Khorramshahr
Khosrowshah
Khost
Khotyn
Khouribga
Khowai
Khoy
Khrew
Khrystynivka
Khudaganj
Khujand
Khuldabad
Khurai
Khushab
Khusrupur
Khust
Khvaf
Khvansar
Khvorasgan
Khvorzuq
Kiashahr
Kibichūō
Kichha
Kidapawan
Kiel
Kielce
Kikinda
Kikuchi
Kikugawa
Kikwit
Kilgore
Kilimanoor
Kilkenny
Kilkunda
Killai
Killeen
Killiyur
Kimino
Kimitsu
Kin
Kindamba
Kindia
Kindu
King City
Kingman
Kings Mountain
Kingsburg
Kingsland
Kingsport
Kingston
Kingston
Kingsville
Kinshasa
Kinston
Kinwat
Kiraoli
Kirishima
Kirkland
Kirkland
Kirksville
Kirkuk
Kirkwood
Kirovsk
Kirtipur
Kiryū
Kisarazu
Kish
Kishangarh
Kishangarh Renwal
Kishtwar
Kisii
Kiskunfélegyháza
Kiskunhalas
Kismayo
Kiso
Kissidougou
Kissimmee
Kisumu
Kitaakita
Kitahiroshima
Kitaibaraki
Kitakami
Kitakata
Kitakyushu
Kitamoto
Kitanagoya
Kitchener
Kithaur
Kitwe
Kivertsi
Kiyose
Kizh-Pennathur
Kičevo
Kladno
Klaipėda
Klamath Falls
Klang (city)
Klina
Klouékanmè
Knin
Knittelfeld
Knoxville
Kobanî
Kobe
Koblenz
Kobryn
Kochi
Kodaikanal
Kodaira
Kodala
Kodarma
Kodigenahalli
Kodinar
Kodoli
Koforidua
Koga
Koganei
Kohtla-Järve
Koilwar
Kokand
Kokkothamangalam
Kokomo
Kokrajhar
Kokshetau
Kokubunji
Kolar
Kolaras
Kolathur
Kolda
Kolhapur
Kolkata
Kollam
Kollankodu
Kollegal
Kolomyia
Kolwezi
Komae
Komaki
Kombolcha
Kondalampatti
Kondumal
Kongens Lyngby
Konin
Konnagar
Konnur
Konstanz
Konya
Konz
Kooraikundu
Koothappar
Kopaganj
Kopar Khairane
Koper
Koprivnica
Kora Jahanabad
Koraon
Koraput
Koratagere
Koratty
Korhogo
Koriukivka
Korochi
Korosten
Korschenbroich
Korsun-Shevchenkivskyi
Kosad
Kosai
Kosamba
Koshigaya
Kosi Kalan
Kosovo Polje
Kosti
Kostiantynivka
Kostopil
Koszalin
Kota
Kota Bharu
Kota Tanjungbalai
Kothinallur
Kothnur
Kotkapura
Kotli
Kotpad
Kotputli
Kottayam
Kotwa
Koudougou
Koupéla
Kousséri
Koutiala
Kovel
Kozhikode
Kołobrzeg
Košice
Kpalimé
Kpomassè
Kragujevac
Kramatorsk
Kranj
Krasnodon
Krasnohorivka
Krasnohrad
Krasnoperekopsk
Krasyliv
Krefeld
Kremenchuk
Kremenets
Krems an der Donau
Kretinga
Krishnanagar
Krishnarajanagara
Krishnarayapuram
Kristiansand
Kristianstad
Kristiansund
Krolevets
Krong Ta Khmau District
Kropyvnytskyi
Krosno Odrzańskie
Krychaw
Ksar
Kuajok
Kuala Lumpur
Kuala Terengganu
Kuchaman City
Kuching
Kudal
Kudamatsu
Kudavasal
Kudligi
Kudra
Kuhbanan
Kuhdasht
Kuito
Kuji
Kuki
Kukshi
Kulai
Kulasekarapuram
Kulob
Kulpahar
Kumagaya
Kumamoto
Kumano
Kumano
Kumanovo
Kumarapuram
Kumarghat
Kumasi
Kumba
Kumbhraj
Kumbo
Kumhari
Kuna
Kundalwadi
Kundapur
Kundgol
Kunduz
Kungälv
Kunitachi
Kunming
Kunnamkulam
Kunshan
Kunyu
Kupang
Kupiansk
Kurali
Kuraoli
Kurara
Kurihara
Kurinjipadi
Kuroishi
Kuroshio
Kurthi Jafarpur
Kurud
Kurukshetra
Kurumbalur
Kurume
Kurunegala
Kuruntwad
Kuruvadi
Kurwai
Kuršėnai
Kushalgarh
Kushk
Kushtagi
Kustai
Kusumanchi
Kusunti
Kut
Kut-e Abdollah (city)
Kuthalam
Kutina
Kutiyana
Kutná Hora
Kuwana
Kuytun
Kuzhithurai
Kwekwe
Kyle
Kyoto
Kyrenia
Kyzyl-Kiya
Kyzylorda
Kyōtamba
Kélo
Kétou
Königswinter
Köthen (Anhalt)
Kürdəmir
Kėdainiai
Kōfu
Kōhoku-ku
Kōnan
Kōnan
Kōnosu
Kōriyama
Kōshū
L'Ancienne-Lorette
L'Assomption
L'Île-Bizard
L'Île-Perrot
La Asunción
La Banda
La Barca (municipality)
La Calera
La Carlota
La Cañada Flintridge
La Chaux-de-Fonds
La Cisterna
La Cité-Limoilou
La Crosse
La Cruz
La Cruz
La Esperanza
La Florida
La Grande
La Granja
La Habra
La Huerta
La Ligua
La Marque
La Mesa
La Mirada
La Palma
La Paz
La Piedad
La Pintana
La Plata
La Porte
La Porte
La Prairie
La Puente
La Quiaca
La Quinta
La Reina
La Rioja
La Rochelle
La Romana
La Serena
La Spezia
La Tablada
La Tuque
La Vergne
La Verne
La Victoria
La Vista
LaGrange
Laayoune
Labbaikudikadu
Laboulaye
Lacey
Lachute
Lackawanna
Lacombe
Laconia
Ladnu
Lae
Lafayette
Lafayette
Lafayette
Laghouat
Lagos
Lagos de Moreno
Laguna Beach
Laguna Hills
Laguna Niguel
Laguna Woods
Lahar
Laharpur
Lahore
Lai Châu
Laiwu
Laja
Lake Charles
Lake City
Lake Elsinore
Lake Forest
Lake Forest
Lake Forest Park
Lake Havasu City
Lake Jackson
Lake Mary
Lake Oswego
Lake St. Louis
Lake Station
Lake Stevens
Lake Wales
Lake Worth
Lakeland
Lakeland
Lakeville
Lakeway
Lakewood
Lakewood
Lakheri
Lakhimpur
Lakhipur
Lakhisarai
Lakhna
Lakhnadon
Lakkampatti
Laksar
Lalejin
Lali
Lalian
Lalitpur
Lalitpur
Lalsot
Lambaré
Lambha
Lamerd
Lamezia Terme
Lampa
Lancaster
Lancaster
Lancaster
Lancaster
Lancaster
Landeh
Landhaura
Langarud
Langfang
Langford
Lanja
Lanka
Lankao County
Lankaran
Lansing
Lansing
Lanzhou
Laoag
Laon
Laramie
Laredo
Largo
Larkana
Larkspur
Larnaca
Las Anod
Las Breñas
Las Condes
Las Cruces
Las Heras
Las Khorey
Las Lomitas
Las Palmas
Las Parejas
Las Rosas
Las Tunas (city)
Las Vegas
Las Vegas
Lasalgaon
Lashkargah
Lasht-e Nesha
Latacunga
Latakia
Latehar
Lateri
Lathrop
Latur
Lauderdale Lakes
Lauderhill
Launceston
Laupheim
Laurel
Laurel
Laurinburg
Lavagna
Laval
Lavaltrie
Lavandevil
Lavasan
Lavkushnagar
Lawar
Lawndale
Lawrence
Lawrence
Lawrence
Lawrenceburg
Lawrenceburg
Lawrenceville
Lawton
Laxmangarh
Layton
Laï
Le Mans
League City
Leander
Leandro N. Alem
Leavenworth
Leawood
Lebanon
Lebanon
Lebanon
Lebanon
Lebanon
Lebanon
Lebanon
Lebedyn
Lebu
Lecce
Lecco
Leduc
Ledwa Mahua
Lee's Summit
Leeds
Leesburg
Leh
Lehi
Lehragaga
Lelydorp
Lemgo
Lemon Grove
Lemoore
Lenexa
Lengshuijiang
Lenoir
Lentvaris
Leoben
Leominster
Leon Valley
Leonding
Leova
Leposavić
Lerdo
Leshan
Lethbridge
Leticia
Levelland
Leverkusen
Lewisburg
Lewiston
Lewiston
Lewisville
Lexington
Lexington
Lexington
León
León
Lhokseumawe
Lianyuan
Lianyungang
Lianzhou
Liaoyang
Liaoyuan
Libas Pur
Liberal
Liberec
Liberia
Libertad
Liberty
Licata
Lichfield
Lichinga
Lichuan
Lida
Lidhorakhas
Liepāja
Ligao
Lighthouse Point
Lijiang
Likak
Lilburn
Lille
Lilong (Imphal West)
Lilong (Thoubal)
Lilongwe
Lima
Limache
Liman
Limassol
Limbdi
Limbe
Limoges
Limón
Linares
Linares
Lincang
Lincoln
Lincoln
Lincoln
Lincoln
Lincoln Park
Lincolnton
Linden
Lindon
Lindsay
Linfen
Lingao County
Lingasugur
Lingda
Linghai
Lingiyadih
Linjiang
Linköping
Lino Lakes
Linxia City
Linyi
Lipljan
Lira
Lisburn
Lishui
Lithgow
Little Elm
Liuboml
Liubotyn
Liuyang
Livermore
Liverpool City Region
Livingston
Livonia
Livorno
Liyang
Ljubljana
Lleida
Lloydminster
Lo Barnechea
Lo Espejo
Lo Prado
Lobamba
Lobito
Lobos
Lockhart
Lockport
Lodi
Lodi
Logan
Loganville
Logroño
Loha
Lohaghat
Loharu
Lohta
Lokhvytsia
Lokossa
Loma de Cabrera
Lomas de Zamora
Lomita
Lompoc
Lomé
Lonar
London
Londrina
Long Beach
Long Beach
Long Beach
Long Branch
Long Xuyên
Longaví
Longjing
Longnan
Longowal
Longquan
Longueuil
Longview
Longwood
Longyan
Loni
Lopburi
Lora del Río
Lorain
Lormi
Los Alamitos
Los Altos
Los Andes
Los Angeles
Los Banos
Los Baños
Los Llanos de Aridane
Los Mochis
Los Muermos
Los Palacios y Villafranca
Los Teques
Los Vilos
Los Álamos
Los Ángeles
Losal
Lospalos
Lota
Loudi
Louga Region
Louisville
Loum
Lovech
Loveland
Loves Park
Lovington
Lowell
Lower Burrell
Loyabad
Lozova
Lqliâa
Luanda
Luang Prabang
Lubango
Lublin
Lubny
Lucca
Lucera
Lucerne
Luckau
Lucknow
Ludhiana
Ludwigsburg
Ludwigshafen
Lufkin
Lugano
Luganville
Lugo
Lugoj
Luján
Lumberton
Lumberton
Lumding
Lumding Railway Colony
Lunavada
Lund
Lunkaransar
Luohe
Luoyang
Lupeni
Luque
Lusaka
Lushui
Lutsk
Lutuhyne
Luxor
Luzhou
Lviv
Lyakhavichy
Lyman
Lynchburg
Lynden
Lyndhurst
Lyndon
Lynn
Lynn Haven
Lynnwood
Lào Cai
Lázaro Cárdenas
Léogâne
Lévis
Löbau
Lörrach
Lübeck
Lüdenscheid
Lüliang
Lạng Sơn
M'Sila
Ma'an
Ma'anshan
Maarrat al-Nu'man
Maasin
Mabalacat
Macapá
Macará
Macas (city)
Macedonia
Macerata
Machados
Machagai
Machala
Machalí
Machhali Shahar
Machhiwara
Machico
Machida
Machilipatnam
Mackay
Macomb
Macon
Macul
Madaba
Madambakkam
Madanapalle
Madera
Madha
Madhavnagar
Madhepura
Madhogarh
Madhubani
Madhupur
Madison
Madison
Madison
Madison
Madison Heights
Madisonville
Madiun
Madurai
Maebashi
Mafeteng
Mafra
Mafraq
Magangué
Magdeburg
Magelang
Magnolia
Magog
Magong
Magsungay
Magway
Maha Sarakham
Mahabad
Mahabaleshwar
Mahabubnagar
Mahad
Mahadula
Mahajanga
Mahallat
Maham
Mahan
Mahardah
Mahasamund
Mahdasht
Mahemdavad
Maheshtala
Maheshwar
Mahidpur
Mahilpur
Mahmudabad
Mahoba
Mahrajganj
Mahudha
Maihar
Mailani
Mainaguri
Mainpuri
Maintirano
Maipú
Maiquetía
Mairang
Maisaka
Maitland
Maitland
Majhara Pipar Ehatmali
Majhauli Raj
Majhola
Majholi
Majitha
Makamba
Makarba
Makarska
Makassar
Makeni
Makhdumpur
Makhu
Makiivka
Makinohara
Makronia
Maksi
Maku
Makum
Mala Vyska
Malacca City
Maladzyechna
Malaj Khand
Malakal
Malang
Malanje
Malanville
Malappuram
Malargüe
Malaryta
Malavalli
Malaybalay
Malayer
Malbazar
Malden
Maldonado
Malegaon
Malekan
Malerkotla
Maliana
Malibu
Malihabad
Malinaltepec
Malinau City
Malkajgiri
Malkangiri
Malkapur
Malkapur
Mallankinaru
Malmö
Malolos
Malout
Malpura
Malvan
Malvern
Malyn
Mamou
Mamqan
Mamsapuram
Mamuniyeh
Man
Manachanallur
Manado
Managua
Manari
Manassas
Manassas Park
Manaus
Manawar
Manchar
Manchester
Manchester
Manchester
Mandaikadu
Mandalay
Mandalgarh
Mandan
Mandapam
Mandawa
Mandawar
Mandera
Mandeville
Mandi
Mandi Bahauddin
Mandi Bamora
Mandla
Mandleshwar
Mandurah
Manduria
Mandvi
Mandya
Manendragarh
Maner
Mangadu
Mangalia
Mangalore
Mangalwedha
Mangawan
Manglaur
Mangrol
Mangrol
Mangrulpir
Mang‘it
Manhattan
Manhattan Beach
Manikpur Sarhat
Manimutharu
Manipal
Manitowoc
Maniyar
Manizales
Manjhanpur
Manjil
Manjlegaon
Mankachar
Mankapur
Mankato
Mannheim
Manokwari
Mansa
Mansa
Mansfield
Mansoura
Manta
Manteca
Mantua
Manujan
Manwath
Manzanillo
Manzhouli
Manzini
Maoming
Maple Grove
Maple Heights
Maple Ridge
Maple Valley
Maplewood
Maputo
Mar del Plata
Maracay
Maradi
Maragheh
Marakkanam
Maramangalathupatti
Marand
Marandahalli
Marataízes
Marathon
Marawi
Marbella
Marchena
Marco Island
Marehra
Margao
Margate
Marghita
Margilan
Marhanets
Mariana
Mariano Acosta
Maribor
Maricopa
Marietta
Marietta
Marijampolė
Marina
Marinette
Marino
Marion
Marion
Marion
Marion
Marion
Mariupol
Marivan
Markham
Markham
Marki
Marlborough
Marneuli
Maroli
Marondera
Marquette
Marrakesh
Marshall
Marshall
Marshalltown
Martin
Martinez
Martinlaakso
Martinsburg
Martinsville
Martinsville
Marudur
Marungoor
Marvdasht
Marwar Junction
Maryborough
Maryland Heights
Marysville
Marysville
Marysville
Maryville
Maryville
Masal
Masaurhi
Masaya
Masbate City
Mascara
Mascota
Mascouche
Masjed Soleyman
Mason
Mason City
Massaguet
Massawa
Massillon
Masty
Masvingo
Maswasi
Masyaf
Matagalpa
Matamoros
Matamoros
Matara
Mataram (city)
Matera
Mathabhanga
Mathili
Mathumoola
Mathura
Mati
Matsudo
Matsue
Matsumoto
Matsusaka
Matsushige
Matsuura
Matsuyama
Mattoon
Mau
Mau
Maudaha
Mauldin
Maumee
Maumelle
Mauranipur
Mawlamyine
Maxixe
Mayang Imphal
Mayfield
Mayfield Heights
Maywood
Mayyil
Mazar-i-Sharif
Mazatlán
Mazyr
Mazzarino
Mažeikiai
Mbacké
Mbale
Mbalmayo
Mbandaka
Mbandjock
Mbanza-Ngungu
Mbeya
McAlester
McAllen
McComb
McDonough
McFarland
McHenry
McKeesport
McKinney
McMinnville
McMinnville
McPherson
Meadville
Mebane
Mecca
Meda
Medan
Medellín
Medford
Medford
Medgidia
Medianeira
Mediaș
Medicine Hat
Medina
Medina
Medina-Sidonia
Meerut
Meghnagar
Meghraj
Mehdawal
Mehdishahr
Mehgaon
Mehkar
Mehnagar
Mehrabpur
Mehran
Mehriz
Mehsana
Mek'ele
Mekhliganj
Meknes
Melachokkanathapuram
Melagaram
Melamadai
Melbourne
Melilla
Melitopol
Melle
Melo
Melrose
Melvindale
Memphis
Menasha
Mendefera
Mendota
Mendota Heights
Mendoza
Mendu
Menifee
Menlo Park
Menomonie
Menouf
Mentor
Mequon
Merca
Merced
Mercedes
Mercedes
Mercer Island
Meriden
Meridian
Meridian
Merriam
Mersin
Merta City
Mesa
Mesquite
Mesquite
Metepec
Methala
Methuen
Metković
Metropolitan City of Catania
Metropolitan City of Messina
Metz
Metzingen
Mexicali
Mexico
Meybod
Meycauayan
Miami
Miami
Miami Beach
Miami Gardens
Miami Springs
Miamisburg
Miandoab
Mianeh (Iran)
Mianwali
Mianyang
Miaoli
Michigan City
Middleburg Heights
Middlesboro
Middletown
Midlothian
Midnapore
Midvale
Midwest City
Mielec
Mihama
Mihara
Mihona
Mikasa
Mikashevichy
Mikkabi
Milagro
Milak
Milan
Mildura
Mile (city)
Mililani
Mill Creek
Mill Valley
Millbrae
Millbrook
Milledgeville
Millington
Millville
Milpitas
Milwaukee
Milwaukie
Minab
Minami-Alps
Minamiashigara
Minamiaso
Minamibōsō
Minamikyūshū
Minamishimabara
Minamiuonuma
Minas
Minatitlán
Minden
Mindiyana
Mineral Wells
Mingachevir
Mingora
Minneapolis
Minnetonka
Minot
Minsk
Mirabel
Miraj
Miramar
Miramar
Miramar
Miramichi
Mirandola
Mirganj
Miri
Mirjaveh
Mirpur Turk
Mirzapur
Misaki
Misaki
Misato
Misawa
Mishawaka
Mishima
Miskolc
Misrata
Misrikh Neemsar
Misserghin
Mission
Mission Viejo
Mississauga
Missoula
Missouri City
Mitaka
Mitchell
Mithankot
Mithapur
Mithe Pur
Mithi
Mito
Mitoyo
Mitrovica
Mitsuke
Mitú
Miura
Miyako
Miyako
Miyakojima
Miyama
Miyauchi
Miyawaka
Miyazaki
Miyoshi
Miyoshi
Miyoshi
Mizuho
Mizusawa
Międzyrzec Podlaski
Mjölby
Mladá Boleslav
Mobara
Moberly
Mobile
Mocuba
Modasa
Modena
Modesto
Modica
Modinagar
Modriča
Moga
Mogadishu
Mogilev
Mogoditshane
Mogok
Mogravadi
Mohali
Mohammadabaad
Mohammadabad
Mohammadabad
Mohammadi
Mohammadiyeh
Mohammadshahr
Mohammedia
Mohan
Mohania
Mohiuddinagar
Mohyliv-Podilskyi
Moinești
Moirang
Mokama
Mokokchung
Mokpo
Molakalmuru
Molar Band
Molde
Molepolole
Molfetta
Molina
Moline
Mollasani
Mombasa
Mon
Monclova
Moncton
Monforte de Lemos
Mongo
Mongu
Monroe
Monroe
Monroe
Monroe
Monrovia
Mont-Laurier
Mont-Saint-Hilaire
Montalto Uffugo
Montbéliard
Montclair
Monte Carlo
Monte Caseros
Monte Patria
Montebello
Montemorelos
Montepuez
Monterey
Monterey Park
Montero
Monterrey
Montevideo
Montgomery
Montgomery
Monticello
Montijo
Montmagny
Montpellier
Montreal
Monza
Monzón
Moody
Mooka
Moore
Moorhead
Moorpark
Moose Jaw
Moradabad
Morar Cantonment
Morbi
Morelia
Moreno
Moreno Valley
Morgan City
Morgan Hill
Morgan Park
Morganton
Morigaon
Moriguchi
Morioka
Moriya
Morogoro
Moroni
Morro Bay
Morshi
Morwell
Morón
Morón
Moscow
Moses Lake
Moss Point
Most (Most District)
Mostaganem
Mostar
Mosul
Motagaon
Moth
Motihari
Motomiya
Motru
Motul
Moultrie
Moulvibazar
Moundou
Mounds View
Mount Airy
Mount Clemens
Mount Dora
Mount Hagen
Mount Holly
Mount Isa
Mount Juliet
Mount Pleasant
Mount Pleasant
Mount Vernon
Mount Vernon
Mount Vernon
Mountain Brook
Mountain Home
Mountain Home
Mountain View
Mountlake Terrace
Mowa
Mo‘ynoq
Mtwara
Muar (town)
Mubarakpur
Muborak
Mucuri
Mudalgi
Mudanjiang
Muddebihal
Mudgal
Mudhol
Mudkhed
Mudukulathur
Muggiò
Mughalsarai Railway Settlement
Muhamma
Mukacheve
Mukasipidariyur
Mukerian
Mukhed
Mukilteo
Mukkudal
Mukrampur Khema
Mukundgarh
Mul
Mulagumudu
Mulbagal
Mulchén
Mulhouse
Mullanpur Dakha
Multai
Multan
Mumbai
Munakata
Muncie
Mundgod
Mundi
Mundra
Mundwa
Mungeli
Munger
Mungra Badshahpur
Munich
Murayama
Murcia
Murfreesboro
Murphy
Murray
Murray
Murrieta
Murshidabad
Murska Sobota
Murtajapur
Murud
Musabani
Musashimurayama
Musashino
Muscatine
Muscle Shoals
Musiri
Muskego
Muskegon
Muskegon Heights
Muskogee
Musoma
Mustafabad
Mustang
Muswellbrook
Mutare
Muthupet
Mutsamudu
Mutsu
Muyinga
Muzaffargarh
Muzaffarpur
Muzhappilangad
Muñoz
Myitkyina
Mykolaiv
Mykolaiv
Mymensingh
Myrhorod
Myrnohrad
Myronivka
Myrtle Beach
Mysore
Mysłowice
Myōkō
Myślibórz
Mâcon
Mécheria
Médéa
Mérida
Móng Cái
Móstoles
Mönchengladbach
Mühlhausen
Mülheim
Münster
Mỹ Tho
N'guigmi
Nabadwip
Nabari
Nabinagar
Nacaome
Nachikatsuura
Nacogdoches
Nadathara
Nadbai
Nadiad
Nadigaon
Nador
Nadvirna
Nag Hammadi
Nagai
Nagakute
Nagano
Naganuma
Nagaoka
Nagaokakyō
Nagardeole
Nagareyama
Nagarkurnool
Nagasaki
Nagato
Nagaur
Nagavakulam
Nagda
Nagina
Nago
Nagod
Nagothana
Nagoya
Nagpur
Nagram
Naha
Nahan
Naharkatiya
Naharlagun
Nahavand
Nai Bazar
Naihati
Nainwa
Nairobi
Najaf
Najafabad
Najafgarh
Najibabad
Najran
Naju
Naka
Naka
Nakama
Nakamura-ku
Nakano
Nakano
Nakasato
Nakhalpara
Nakhchivan (city)
Nakhon Pathom
Nakhon Ratchasima
Nakhon Sawan
Nakodar
Nakur
Nakuru
Nalbari
Naldurg
Nalkheda
Nam Định
Namagiripettai
Namakkal
Namangan
Nambiyur
Nambol
Namchi
Namegata
Namibe
Namin
Namioka
Nampa
Nampula
Namsai
Namwon
Nan'yō
Nana Machiyala
Nanaimo
Nanchang
Nanchong
Nanded
Nanded-Waghala
Nandgaon
Nandura
Nandurbar
Nandyal
Nangal
Nangal Dewat
Nangal Rajawatan
Nangavaram
Nanhui New City
Nanjikottai
Nanjing
Nanjō
Nanning
Nanpara
Nanping
Nantan
Nantes
Nanticoke
Nantong
Nanyang
Napa
Naples
Naqadeh
Naraingarh
Naraini
Narasaraopet
Narashino
Narasingapuram
Narath
Narauli
Naravarikuppam
Narayanganj
Narayangarh
Naregal
Nargund
Narita
Narkatiaganj
Narkhed
Narnaul
Narnaund
Narora
Naruto
Narva
Narwana
Narwar
Nashik
Nashua
Nashville
Nashville
Nasirabad
Nasukarasuyama
Nasushiobara
Natanz
Natchez
Natchitoches
National City
Natitingou
Natori
Nattapettai
Naubatpur
Naugawan Sadat
Nava
NavagamGhed
Navahrudak
Navalgund
Navalpattu
Navapolatsk
Navegantes
Navghar-Manikpur
Navoiy
Navojoa
Navsari
Nawa
Nawabganj
Nawada
Nawalgarh
Nawanshahr
Nayagarh
Naypyidaw
Nazarabad
Nazca
Ndola
Neckarsulm
Nederland
Nedroma
Neelagiri
Neem-Ka-Thana
Neenah
Neftçala
Negombo
Nehon
Nehtaur
Neiba
Neighborhoods in Detroit
Neikkarapatti
Neiva
Neka
Nekhel
Nellikuppam
Nellore
Nelson
Nenmenikkara
Neosho
Nepalgunj
Neqab
Nesvizh
Neubrandenburg
Neuquén
Neuss
Neuton Chikhli Kalan
New Albany
New Baltimore
New Bedford
New Berlin
New Bern
New Bongaigaon
New Bongaigaon Railway Colony
New Braunfels
New Brighton
New Britain
New Brunswick
New Cairo
New Carrollton
New Castle
New Castle
New Franklin
New Haven
New Haven
New Hope
New Kensington
New London
New Mahe
New Orleans
New Palin
New Philadelphia
New Port Richey
New Rochelle
New Smyrna Beach
New Town
New Ulm
New Westminster
Newai
Newark
Newark
Newark
Newark
Newberg
Newberry
Newburyport
Newcastle
Newcastle
Newman
Newnan
Newport
Newport
Newport Beach
Newport News
Newry
Newton
Newton
Newton
Newton
Newton
Neyriz
Ngozi
Niagara Falls
Niagara Falls
Niceville
Nichinan
Nicholasville
Nicosia
Nicoya
Nieuw Nickerie
Nihonmatsu
Niigata
Niiza
Nik Shahr
Nikaho
Nikki
Nikkō
Nikopol
Nikšić
Nilakkottai
Nildoh
Niles
Nili
Nimbahera
Ningbo
Ningde
Ningthoukhong
Ninh Bình
Ninohe
Nipani
Nirasaki
Nishapur
Nishi-ku
Nishinoomote
Nishio
Nishitōkyō
Nisporeni
Nisshin
Nitra
Niwari
Nixa
Nizamabad
Nizamabad
Nizao
Nizhyn
Niš
Nkongsamba
Nnewi
Noamundi
Nobeoka
Noblesville
Noci
Noda
Nogales
Nogales
Nogoyá
Nohar
Noida
Nokha
Nomi
Nong Khai
Nongmynsong
Nongpoh
Nongstoin
Nongthymmai
Noorpur
Norco
Norderstedt
Nordhausen
Norfolk
Norfolk
Norman
Norrköping
North Adams
North Augusta
North Barrackpur
North Battleford
North Bay
North Branch
North Canton
North Dumdum
North Lakhimpur
North Las Vegas
North Lauderdale
North Liberty
North Little Rock
North Mankato
North Miami
North Miami Beach
North Myrtle Beach
North Nicosia
North Ogden
North Platte
North Port
North Providence
North Richland Hills
North Ridgeville
North Royalton
North Salt Lake
North St. Paul
North Tonawanda
Northampton
Northern District
Northfield
Northglenn
Northlake
Northport
Norton Shores
Norwalk
Norwalk
Norwood
Noshiro
Nosivka
Noto
Notodden
Nottingham
Nouadhibou
Nouméa
Nova Gradiška
Nova Kakhovka
Nova Lima
Novara
Novato
Novhorod-Siverskyi
Novi
Novi Ligure
Novi Sad
Novi grad (Osijek)
Novo Mesto
Novoazovsk
Novodnistrovsk
Novohrodivka
Novoiavorivsk
Novomoskovsk
Novomyrhorod
Nowgaon
Nowgong
Nowra
Nowrozabad (Khodargama)
Nowshahr
Nuapatna
Nueva Helvecia
Nueva Imperial
Nueva Italia
Nueva Loja
Nueve de Julio
Nuevo Ideal
Nuevo Laredo
Nukus
Numata
Numazu
Nuoro
Nurabad
Nurabad
Nurak
Nuremberg
Nurmahal
Nushabad
Nuwara Eliya
Nyborg
Nybro
Nyeri
Nykøbing Falster
Nymburk
Nyoria Husainpur
Nyíregyháza
Nzérékoré
Nîmes
Nørresundby
N’Dali
O' Valley
O'Fallon
O'Hare
Oak Creek
Oak Forest
Oak Harbor
Oak Park
Oakdale
Oakdale
Oakland
Oakland Park
Oakley
Oaxaca City
Obama
Obanazawa
Obedullaganj
Oberhausen
Oberá
Obilić
Obra
Obukhiv
Ocala
Ocean City
Ocean Springs
Oceanside
Ochakiv
Ocoee
Ocosingo
Ocotlán
Ocumare del Tuy
Odaipatti
Odalguri
Odawara
Odense
Odessa
Odessa
Odorheiu Secuiesc
Odugathur
Oerlinghausen
Offa
Offenbach am Main
Offenburg
Oga
Ogbomosho
Ogden
Ogdensburg
Oggiyamduraipakkam
Oguta
Ohrid
Oil City
Ojiya
Ojuelos de Jalisco
Okahandja
Okara
Okaya
Okayama
Okazaki
Okegawa
Okene
Okha Port
Okhtyrka
Okinawa
Okmulgee
Okuizumo
Olaine
Olathe
Olavanna
Olavarría
Olbia
Oldenburg (Oldenburg)
Oldsmar
Olean
Olecko
Oleksandriia
Olinda
Olive Branch
Olivos
Olmaliq
Olomouc
Olot
Olsztyn
Oltenița
Omaezaki
Omaha
Omdurman
Omidiyeh
Omitama
Omuku
Onalaska
Oncativo
Ondjiva
Ondo City
Oneida
Onești
Onga
Ongole
Onitsha
Onoe
Ontario
Ontario
Opa-locka
Opala
Opava
Opelika
Opelousas
Opole
Oradea
Orahovac
Orai
Oral
Oran
Orange
Orange
Orange City
Orangeburg
Oranjestad
Orathanadu (Mukthambalpuram)
Ordnance Factory Itarsi
Ordos (city)
Ordubad
Oregon
Oregon City
Orem
Orhei
Orihuela
Orikhiv
Orillia
Orinda
Oristano
Orlando
Orlu
Orléans
Ormond Beach
Orocó
Oron
Oroquieta
Orosháza
Oroszlány
Oroville
Orsha
Oruro
Orvieto
Orán
Orăștie
Osaka
Osh
Oshawa
Oshnavieh
Osicala
Osijek
Oskaloosa
Oskarshamn
Osmanabad
Osnabrück
Osogbo
Ostrava
Ostrów Wielkopolski
Ostuni
Oswego
Otaru
Othakadai
Otjiwarongo
Otofuke
Otsego
Ottawa
Ottawa
Ottawa
Ottumwa
Ouagadougou
Ouaké
Ouargla
Ouarzazate
Ouidah
Ouinhi
Oumé
Ourense
Ouèssè
Ovalle
Overland
Overland Park
Oviedo
Oviedo
Ovruch
Owariasahi
Owase
Owasso
Owatonna
Owen Sound
Owosso
Oxford
Oxford
Oxford
Oxnard
Oyi
Ozar
Ozark
Ozark
Ozhukarai
P. N. Patti
Pabellón de Arteaga
Pabna
Pachora
Pachore
Pachperwa
Pachuca
Pacific Grove
Pacifica
Pacode
Padaiveedu
Padampur
Padang
Padang Panjang
Padangsidempuan
Paderborn
Padirikuppam
Padmapur
Padra
Padrauna
Padre Hurtado
Padre Las Casas
Padua
Paducah
Paduvilayi
Pahasu
Paine
Painesville
Paita
Paithan
Pakdasht
Pakpattan
Pakse
Pakur
Palakkad
Palakkodu
Palanga
Palangka Raya
Palani Chettipatti
Palanpur
Palatka
Palayan
Palazzolo sull'Oglio
Palda
Palej
Palembang
Palencia
Palera
Palermo
Palestine
Palghar
Pali
Palia Kalan
Pallapatti
Pallikkara
Palm Bay
Palm Beach Gardens
Palm Coast
Palm Desert
Palm Springs
Palma
Palmas
Palmdale
Palmer
Palmerston
Palmetto
Palmira
Palo Alto
Palos Heights
Palos Hills
Palos Verdes Estates
Palsana
Palu
Palwal
Palwancha
Pampa
Pampas
Pampatar
Pamplona
Pampore
Panabo
Panagar
Panajachel
Panaji
Panama City
Panama City
Panama City Beach
Panapakkam
Pandavapura
Pandhana
Pandharkaoda
Pandharpur
Pandhurna
Pando
Panevėžys
Panguipulli
Panipat Taraf Ansar
Panipat Taraf Makhdum Zadgan
Panipat Taraf Rajputan
Panjakent
Panjin
Panniyannur
Pantelimon
Pantheeramkavu
Pantiya
Pantnagar
Panvel
Panzhihua
Pančevo
Paonta Sahib
Papantla
Papenburg
Paphos
Papillion
Pappankurichi
Pappinisseri
Paradip
Paragould
Paraguarí
Paraisópolis
Parakou
Paramaribo
Paramathi
Paramount
Paranaguá
Parangipettai
Paraná
Parasi
Paravai
Paraíso
Parbatsar
Parbhani
Pardis
Pardubice
Parepare
Pariaman
Parikshitgarh
Paris
Paris
Park Ridge
Parkersburg
Parkland
Parksville
Parli
Parlier
Parma
Parma
Parma Heights
Parnamirim
Parnaíba
Parola
Parral
Parral
Parras
Parsabad
Parsian
Parsons
Partapur
Partur
Parvat
Pasadena
Pasan
Pascagoula
Pasco
Pasighat
Paso de Carrasco
Paso de los Libres
Paso de los Toros
Pasrur
Passaic
Passi
Pastavy
Pasthal
Pasto
Patan
Patancheru
Pataskala
Pataudi
Paterson
Pathalgaon
Pathankot
Pathardi
Pathardih
Patharia
Pathein
Pathiriyad
Pathri
Patiala
Patiyali
Patnagarh
Patparganj
Pattaya
Patterson
Patti
Patti
Pattiom
Pattran
Patur
Paulo Afonso
Pauri
Pavaratty
Pavlodar
Pawai
Pawayan
Paweh
Pawtucket
Payakumbuh
Paysandú
Payson
Payyanur
Pazardzhik
Pazhugal
Pașcani
Peabody
Peachtree City
Pearl
Pearland
Pedro Aguirre Cerda
Pedro Juan Caballero
Pedro Meoqui
Peekskill
Pehlad Pur Bangar
Pehowa
Pehuajó
Pekalongan
Pekanbaru
Pelham
Pell City
Pella
Pelotas
Pematangsiantar
Pemba
Pembroke Pines
Penang Island
Penco
Pendleton
Pendra
Pensacola
Penticton
Penzberg
Peoria
Peoria
Peppeganj
Perakam
Peralasseri
Pereiaslav-Khmelnytskyi
Pereira
Perevalsk
Pergamino
Peringathur
Periyakodiveri
Periyapatti
Pernik
Perpignan
Perris
Perry
Perrysburg
Perth
Perth
Perth Amboy
Peru
Peru
Perugia
Perumbaikad
Perungudi
Pervomaisk
Pervomaisk
Pervomaiskyi
Pescara
Pescia
Peshawar
Petal
Petaling Jaya
Petaluma
Petare
Peterborough
Petersburg
Peth Umri
Peth Vadgaon
Pethanaickenpalayam
Petlawad
Petrinja
Petrolina
Petropavl
Petroșani
Peumo
Pewaukee
Pezinok
Peñaflor
Peñalolén
Peć
Pflugerville
Phagwara
Phalauda
Phalodi
Phaltan
Phan Rang–Tháp Chàm
Phan Thiết
Phaphund
Pharr
Phenix City
Philadelphia
Phillaur
Phitsanulok
Phonsavan
Phulera
Phulpur
Phulpur
Phulwaria
Phunderdihari
Phuphkalan
Phusro
Phủ Lý
Piacenza
Piatra Neamț
Piatykhatky
Picayune
Pichhore
Pichhore
Pickering
Pickerington
Pico Rivera
Piedmont
Piedras Negras
Piekary Śląskie
Pierre
Pierrefonds
Pihani
Pihuamo
Pikine
Pilar
Pilibanga
Pilibhit
Pillaro
Pimentel
Pimpri-Chinchwad
Pinahat
Pinar del Río
Pincourt
Pine Bluff
Pinellas Park
Pineville
Pingdingshan
Pingliang
Pinjore
Pinole
Pinsk
Piotrków Trybunalski
Piparcity
Pipiganj
Pipili
Piplya Mandi
Pipri
Piqua
Pir Bakran
Pir Mahal
Piratini
Piravom
Pirawa
Pirque
Pisa
Pishin
Pishva
Pissila
Pistoia
Pitești
Pithampur
Pithora
Pithoragarh
Pittsburg
Pittsburg
Pittsburgh
Pittsfield
Pizhou
Placentia
Placerville
Placetas
Plainfield
Plainview
Plano
Plano
Plant City
Plantation
Plasencia
Platteville
Plattsburgh (city)
Playas
Pleasant Grove
Pleasant Grove
Pleasant Hill
Pleasanton
Pleiku
Pljevlja
Plottier
Plungė
Plymouth
Plymouth
Plzeň
Pobè
Pocatello
Podgorica
Podilsk
Podujevo
Pointe-Claire
Pointe-à-Pitre
Poipet
Poitiers
Pokhara
Pokhran
Pokrov
Pokrovsk
Pol-e Dokhtar
Polasara
Polay Kalan
Polotsk
Poltava
Pomona
Pompano Beach
Pompei
Ponca City
Poncitlán
Ponda
Pondicherry
Ponferrada
Ponnampatti
Ponneri
Ponta Grossa
Pontevedra
Pontiac
Pontiac
Pontianak
Poolambadi
Pooler
Poplar Bluff
Poprad
Poquoson
Porbandar
Poreč
Porlamar
Porsa
Porsgrunn
Port Alberni
Port Angeles
Port Augusta
Port Blair
Port Charlotte
Port Colborne
Port Coquitlam
Port Fuad
Port Harcourt
Port Hueneme
Port Huron
Port Kamsar
Port Lavaca
Port Louis
Port Moody
Port Neches
Port Orange
Port Orchard
Port Pirie
Port Said
Port St. Lucie
Port Vila
Port of Spain
Portage
Portage
Portage
Portage la Prairie
Portales
Porterville
Portland
Portland
Portland
Portland
Porto
Porto Seguro
Porto União
Porto-Novo
Portsmouth
Portsmouth
Portsmouth
Portsmouth
Porur
Posadas
Post Falls
Potenza
Pothanur
Pothuhera
Poti
Potosí
Potsdam
Pottsville
Poughkeepsie
Pouytenga
Poway
Powder Springs
Powell
Powell River
Poza Rica
Poznań
Pozo Almonte
Pozzuoli
Požega
Prague
Prairie Village
Prantij
Pratapgarh
Pratapgarh
Pratapsasan
Prato
Prattville
Prescott
Presidencia Roque Sáenz Peña
Presidente Prudente
Preston
Prešov
Prichard
Prienai
Prievidza
Prijedor
Prilep
Prince Edward County
Prince George
Prince Rupert
Prior Lake
Priozersk
Prizren
Proddatur
Progreso
Prospect
Prospect Heights
Prostějov
Providencia
Provo
Pruszków
Pryluky
Przemyśl
Prévost
Ptuj
Pu'er City
Pucallpa
Pucón
Pudahuel
Pudu
Pudupatti
Pudupattinam
Puebla City
Pueblo
Puente Alto
Puerto Aysén
Puerto Barrios
Puerto Cortés
Puerto Cumarebo
Puerto Deseado
Puerto General San Martín
Puerto Iguazú
Puerto Madryn
Puerto Montt
Puerto Natales
Puerto Ordaz and San Felix
Puerto Peñasco
Puerto Plata
Puerto Píritu
Puerto San José
Puerto Vallarta
Puerto Varas
Puerto la Cruz
Puertollano
Pul Pehlad
Pula
Pulgaon
Pulheim
Puli Alam
Puli Khumri
Puliyur
Pullman
Punalur
Pune
Pune Camp
Punjai Puliampatti
Punjaipugalur
Punta Alta
Punta Gorda
Puntarenas
Puranpur
Purdilnagar
Purnia
Pursat
Purulia
Purwa
Purwakarta
Purén
Putaendo
Puthalam
Putian
Putrajaya
Puttur
Putyvl
Puyallup
Puyang
Puzi
Puñal
Puławy
Pyay
Pynthorumkhrah
Pyongyang
Pápa
Pärnu
Pèrèrè
Pécs
Pérez
Póvoa de Varzim
Pô
Płock
Příbram
Qabala
Qabatiya
Qaderabad
Qaem Shahr
Qaen
Qara
Qarah Zia od Din
Qardho
Qarshi
Qasimabad
Qasr-e Qand
Qasr-e Shirin
Qazax
Qeshm
Qeydar
Qingdao
Qingtongxia
Qingyuan
Qinhuangdao
Qinyang
Qinzhou
Qionglai City
Qiqihar
Qir
Qitaihe
Qom
Qorasuv
Qormi
Qorveh
Quammruddin Nagar
Quanzhou
Quartu Sant'Elena
Quchan
Queanbeyan
Quebec City
Queens
Quellón
Queluz
Quepem
Querétaro City
Quesnel
Quetta
Quetzaltenango
Qui Nhơn
Quibdó
Quilicura
Quillota
Quillón
Quilmes
Quincy
Quincy
Quinta Normal
Quinte West
Quintero
Quitilipi
Quito
Qujing
Qurghonteppa
Quthbullapur
Quthing
Quzhou
Quảng Ngãi
Quảng Trị
R. Pudupatti
R. S. Mangalam
Rabat
Rabor
Rabupura
Rabwah
Radcliff
Radford
Radhanpur
Radom
Radoviš
Radviliškis
Radyvyliv
Radès
Raebareli
Rafael Calzada
Rafaela
Rafah
Rafiganj
Rafsanjan
Rahatgarh
Rahimatpur
Rahon
Rahta Pimplas
Rahuri
Rahway
Raichur
Raiganj
Raigarh
Raikot
Railway Settlement Roza
Raipur
Rairangpur
Raisinghnagar
Raja Ka Rampur
Rajakhedi
Rajakhera
Rajaldesar
Rajapur
Rajasansi
Rajauri
Rajbiraj
Rajgamar
Rajgarh
Rajgarh
Rajgarh
Rajgir
Rajgurunagar (Khed)
Rajmahal
Rajnagar
Rajnandgaon
Rajpipla
Rajpur
Rajpur
Rajsamand
Rajshahi
Rajula
Rajur
Rajura
Rakhiv
Ramachandrapuram
Ramachandrapuram (BHEL Township)
Ramagundam
Ramallah
Raman
Ramanagara
Ramanathapuram
Ramganj Mandi
Ramgarh
Ramgarh Cantonment
Ramhormoz
Ramian
Ramnagar
Ramol
Ramos Arizpe
Rampur
Rampur Baghelan
Rampur Bhawanipur
Rampur Maniharan
Rampura Phul
Rampurhat
Ramsar
Ramsey
Ramshir
Ramtek
Ranaghat
Ranapur
Ranavav
Rancagua
Ranchi
Rancho Cordova
Rancho Cucamonga
Rancho Mirage
Rancho Palos Verdes
Rancho Santa Margarita
Randers
Randolph
Rangiya
Rani
Rania
Ranipet
Ranipur
Ranipur
Ranirbazar
Raniwara
Rapar
Rapid City
Ras Tanura
Raseiniai
Rasht
Rasra
Rasulabad
Ratannagar
Ratanpur
Ratia
Ratlam Railway Colony
Ratnapura
Raurkela Industrial Township
Ravansar
Ravenna
Ravenna
Rawalpindi
Rawandiz
Rawatsar
Rawson
Raya
Rayachoti
Raymore
Rayong
Raytown
Rayya (Punjab)
Razgrad
Reading
Reading
Reasi
Rechytsa
Recklinghausen
Recoleta
Red Bank
Red Bluff
Red Deer
Red Oak
Red Wing
Redding
Redlands
Redmond
Redmond
Redondo Beach
Redwood City
Reedley
Reengus
Reethapuram
Reforma
Regensburg
Reggio Calabria
Reggio Emilia
Reghin
Regina
Rehli
Rehti
Reidsville
Relizane
Remedios
Remedios de Escalada
Remscheid
Renala Khurd
Renca
Rengo
Reni
Rennes
Reno
Renqiu
Renton
Repentigny
Republic
Requínoa
Resistencia
Resubelpara
Retalhuleu
Retfala
Reti
Reutlingen
Revere
Rewa
Rewari
Rexburg
Reynoldsburg
Reynosa
Rezina
Rezvanshahr
Reșița
Rheinstetten
Riacho das Almas
Rialto
Richardson
Richfield
Richland
Richmond
Richmond
Richmond
Richmond
Richmond
Richmond Heights
Ridder
Ridgecrest
Ridgeland
Rieti
Riga
Rijeka
Rikuzentakata
Rimini
Rincón de Romos
Ringsted
Rio Claro
Rio Grande City
Rio Rancho
Rio de Janeiro
Riobamba
Riohacha
Rionegro
Rioverde
Ripon
Ripon
Rishikesh
Risia Bazar
Risod
Rithora
Rivadavia
Rivas
River Falls
Rivera
Riverbank
Riverdale
Riverside
Riverside
Riverton
Riverton
Riverview
Riviera Beach
Rivière-du-Loup
Rivne
Riyad
Riyadh
Roanoke
Roanoke Rapids
Robat Karim
Robbinsdale
Roberval
Robstown
Rocha
Rochester
Rochester
Rochester
Rochester
Rochester Hills
Rock Hill
Rock Island
Rock Springs
Rockford
Rockhampton
Rockledge
Rocklin
Rockville
Rockwall
Rocky Mount
Rocky River
Rogers
Roha
Roha Ashtami
Rohilanwali
Rohnert Park
Rohri
Rohru
Rohtak
Roing
Rokiškis
Rolla
Rolling Meadows
Romano d'Ezzelino
Rome
Rome
Romulus
Rongcheng
Rosalpatti
Rosario
Rosario de Lerma
Rosario del Tala
Rosarito Beach
Roseau
Roseburg
Rosemead
Rosemount
Rosemère
Rosenberg
Rosetta
Roseville
Roseville
Roseville
Roshan Pura
Roskilde
Rosso
Rostamabad
Rostamkola
Rostock
Roswell
Roswell
Roudehen
Rouen
Round Rock
Rouyn-Noranda
Rovereto
Rovinj
Roxas
Roy
Royal Oak
Rozdilna
Rozhyshche
Roșiorii de Vede
Rubizhne
Ruda Śląska
Rudan
Rudauli
Rudbar
Rudrapur
Rudsar
Rufino
Rufisque
Ruili
Rumaithiya
Rumia
Rupnagar
Rura
Rushan
Russeifa
Russellville
Rustamnagar Sahaspur
Ruston
Ruyigi
Rwamagana
Rybnik
Rye (city)
Ryūgasaki
Ryūyō
Rzeszów
Râmnicu Sărat
Râmnicu Vâlcea
Réo
Río Bravo
Río Ceballos
Río Cuarto
Río Gallegos
Río Grande
Río Negro
Río Segundo
Río Tercero
Rîbnița
Rîșcani
Rösrath
Rüsselsheim am Main
Rădăuți
Rēzekne
Rạch Giá
Sa'dah
Saarlouis
Saatlı (city)
Sabaa Al Bour
Sabadell
Sabalgarh
Sabang
Sabashahr
Sabha
Sabirabad (city)
Sabzevar
Sachin
Sachse
Saclepea
Saco
Sacramento
Sadabad
Sadat City
Sadat Pur Gujran
Sadaura
Sadri
Safadasht
Safashahr
Safety Harbor
Safi
Safidon
Safipur
Sagae
Sagamihara
Sagamiko
Sagamu
Sagar
Sagar Cantonment
Sagara
Sagara
Sagay
Saginaw
Saginaw
Saguenay
Sahagun City
Sahanpur
Saharanpur
Saharsa
Sahaspur
Sahaswan
Sahebganj
Sahibabad Daulat Pur
Sahiwal
Sahneh
Sahnewal
Sahuayo
Saidpur
Saidul Ajaib
Sailana
Sailu
Sain Qaleh
Saint John
Saint-Augustin-de-Desmaures
Saint-Basile-le-Grand
Saint-Bruno-de-Montarville
Saint-Colomban
Saint-Constant
Saint-Eustache
Saint-Georges
Saint-Hyacinthe
Saint-Jean-sur-Richelieu
Saint-Jérôme
Saint-Lambert
Saint-Lazare
Saint-Lin–Laurentides
Saint-Malo
Saint-Étienne
Sainte-Adèle
Sainte-Anne
Sainte-Anne-des-Plaines
Sainte-Catherine
Sainte-Julie
Sainte-Marie
Sainte-Thérèse
Saitama
Saito
Saiyad Raja
Sakado
Sakanoichi
Sakata
Sakuho
Sakura
Sakura
Sakuragawa
Sakurai
Sakété
Salamanca
Salamanca
Salamanca
Salamá
Salangapalayam
Salatiga
Salaya
Sale
Salehieh
Salem
Salem
Salem
Salempur
Salerno
Salgótarján
Salihorsk
Salina
Salinas
Salinas
Salisbury
Salisbury
Salisbury
Salkhad
Salman Pak
Salmas
Salmiya
Salmon Arm
Salonta
Salta
Salto
Salto del Guairá
Salumbar
Salvador Mazza
Salvatierra
Salyan
Salyersville
Salzgitter
Salé
Samalkha
Saman
Samana
Samarkand
Samarra
Samastipur
Samba
Sambalpur
Sambavar Vadagarai
Sambhal
Sambhalka
Sambir
Sambrial
Samcheok
Samdari
Sammamish
Samobor
Samrala
Samthar
Samurou
San Andrés
San Angelo
San Antonio
San Antonio de Ibarra
San Antonio de Padua
San Benedetto del Tronto
San Benito
San Bernardino
San Biagio di Callalta
San Bruno
San Carlos
San Carlos Centro
San Clemente
San Cristóbal
San Cristóbal
San Cristóbal de La Laguna
San Diego
San Dimas
San Donà di Piave
San Elizario
San Estanislao
San Felipe
San Fernando
San Fernando
San Fernando
San Fernando
San Fernando
San Fernando
San Fernando
San Fernando de Apure
San Fernando del Valle de Catamarca
San Francisco
San Francisco
San Francisco de Macorís
San Francisco de los Romo
San Francisco del Rincón
San Gabriel
San Gabriel
San Giovanni Rotondo
San Jacinto
San Javier
San Joaquín
San Jose
San Jose
San Jose del Monte
San José
San José
San José de Feliciano
San José de Jáchal
San José de Maipo
San José de Mayo
San José de Metán
San José del Cabo
San Juan
San Juan Capistrano
San Juan de los Morros
San Julián
San Justo
San Justo
San Leandro
San Luis
San Luis
San Luis Obispo
San Luis Potosí City
San Luis Río Colorado
San Marcos
San Marcos
San Marcos
San Marino
San Mateo
San Mateo
San Mateo Atenco
San Miguel de Cozumel
San Miguelito District
San Nicolás de los Arroyos
San Nicolás de los Garza
San Pablo
San Pablo
San Pedro Pochutla
San Pedro Sula
San Pedro de Jujuy
San Rafael
San Rafael
San Ramon
San Ramón
San Ramón
San Salvador
San Sebastián
San Severo
San-Pédro
Sanand
Sanare
Sanaur
Sancoale
Sand Springs
Sandefjord
Sandi
Sandila
Sandnes
Sandy Springs
Sanford
Sanford
Sangamner
Sangaria
Sanger
Sangli
Sangli-Miraj & Kupwad
Sangod
Sangole
Sangrur
Sanhe
Sankagiri
Sankarankovil
Sanlúcar de Barrameda
Sanmenxia
Sanming
Sanmu
Sanniquellie
Sano
Sanremo
Sant Adrià de Besòs
Sant Feliu de Llobregat
Sant Joan Despí
Santa Ana
Santa Ana
Santa Barbara
Santa Bárbara
Santa Bárbara
Santa Catarina
Santa Clara
Santa Clarita
Santa Coloma de Gramenet
Santa Cruz
Santa Cruz
Santa Elena
Santa Elena de Uairén
Santa Fe
Santa Fe Springs
Santa Lucía
Santa Maria
Santa Marta
Santa María
Santa María
Santa Monica
Santa Paula
Santa Rita
Santa Rosa
Santa Rosa
Santa Rosa
Santa Rosa de Osos
Santa Rosalía
Santee
Santiago Papasquiaro
Santiago Tuxtla
Santiago de Compostela
Santiago de Veraguas
Santo Domingo
Santo Domingo
Santo Tomé
Santo Tomé
Sanuki
Sanwer
Sanya
Sapatgram
Sapporo
Sapulpa
Saqqez
Sar-e Pol city
Sarab
Saraidhela
Saraipali
Sarakhs
Saraland
Sarangarh
Sarangpur
Sarapaka
Sarasota
Saratoga
Saratoga Springs
Saratoga Springs
Saravan
Sardasht
Sardhana
Sardrud
Sardulgarh
Sargodha
Sarhali
Sari
Sarjamda
Sarkhej-Okaf
Sarnia
Sarny
Sarpol-e Zahab
Sarpsborg
Sarsawa
Sartell
Sarwar
Sasaram
Sasauli
Sasebo
Saskatoon
Sassari
Satalkheri
Satara (city)
Satellite Beach
Sathyamangala
Satrikh
Satsuma
Satte
Satu Mare
Satwas
Sauk Rapids
Sault Ste. Marie
Saurikh
Sausar
Savage
Savalou
Savannah
Savannakhet
Savarkundla
Savda
Saveh
Savé
Sawabir
Sawahlunto
Sawai Madhopur
Sawara
Sayada
Sayalgudi
Sayama
Sayula
Saïda
Sbeitla
Sbiba
Schaffhausen
Schenectady
Schertz
Schwaz
Schweinfurt
Scicli
Scotts Valley
Scottsbluff
Scottsboro
Scottsdale
Scranton
SeaTac
Seagoville
Seal Beach
Searcy
Seaside
Seattle
Sebastian
Sebeș
Sebkha
Sebring
Sedalia
Sedeh Lenjan
Sedona
Sedro-Woolley
Seeb
Seerapalli
Sefrou
Segovia
Seguin
Sehore
Seithur
Seiyun
Sejong City
Seki
Selebi-Phikwe
Selma
Selma
Selydove
Semboku
Semey
Seminole
Semnan
Sendhwa
Sennan
Senta
Senthamangalam
Sentharapatti
Seohara
Seondha
Seoni Malwa
Seppa
Sept-Îles
Serampore
Serei Saophoan (city)
Sertânia
Sete Lagoas
Seto
Settat
Sevastopol
Seven Hills
Sevierville
Sevilimedu
Sewalkhas
Sewarhi
Seymour
Sfax
Sfântu Gheorghe
Shaartuz
Shabestar
Shadegan
Shafter
Shah Alam
Shahada
Shahapur
Shahba
Shahdol
Shahediyeh
Shahedshahr
Shahganj
Shahgarh
Shahin Dezh
Shahin Shahr
Shahjahanpur
Shahkot
Shahpur
Shahpura
Shahpura
Shahr-e Babak
Shahr-e Jadid-e Hashtgerd
Shahr-e Kord
Shahreza
Shahrud
Shajapur
Shakargarh
Shaker Heights
Shakhtarsk
Shaki
Shakopee
Shamakhi
Shamsabad
Shamsabad
Shanghai
Shangluo
Shangqiu
Shangrao
Shangri-La City
Shangzhi
Shankargarh
Shantipur
Shantou
Shanwei
Shaoguan
Shaoyang
Shari
Sharjah
Sharon
Shashamane
Shasta Lake
Shawinigan
Shawnee
Shawnee
Shazand
Sheberghan
Sheboygan
Shegaon
Sheikhpura
Shelby
Shelbyville
Shelbyville
Shelbyville
Shengzhou
Shenyang
Shenzhen
Sheopur
Shepherdsville
Shepparton
Sherbrooke
Shergarh
Sherkot
Sherman
Sherwood
Sherwood
Shibata
Shibukawa
Shigatse
Shiggaon
Shihezi
Shijiazhuang
Shikarpur
Shiki
Shikohabad
Shillong Cantonment
Shimabara
Shimada
Shimanto
Shimanto
Shimla
Shimoda
Shimoda
Shimoga
Shimonoseki
Shimotsuke
Shimotsuma
Shinhidaka
Shinjō
Shinshiro
Shinyanga
Shiogama
Shiota
Shirahatti
Shiraoka
Shirin
Shiroi
Shiroishi
Shiroyama
Shirpur-Warwade
Shirur
Shirur (Vidhan Sabha constituency)
Shirvan
Shirvan (city)
Shirwal
Shishi
Shishou
Shivatkar (Nira)
Shively
Shivpuri
Shiyan
Shizuishan
Shizuoka
Sholavandan
Sholur
Shoreline
Shoreview
Shostka
Show Low
Shpola
Shreveport
Shrigonda
Shrirampur
Shrivardhan
Shuangyashan
Shujalpur
Shuklaganj
Shuozhou
Shushtar
Shuzenji
Shymkent
Shōdoshima
Shūnan
Siahkal
Sialkot
Siana
Sibiu
Sibolga
Siddhaur
Siddipet
Sidhi
Sidhpura
Sidi Bel Abbès
Sidi Kacem
Sidlaghatta
Sidon
Siedlce
Siegburg
Siegen
Siem Reap
Siemianowice Śląskie
Siena
Sierra Madre
Sierra Vista
Sievierodonetsk
Sighetu Marmației
Sighișoara
Signal Hill
Siguatepeque
Siguiri
Sihor
Sihora
Sijua
Sikanderpur
Sikandra Rao
Sikandrabad
Sikar
Sikasso
Sikeston
Silao
Silao
Silapathar
Silay
Silchar
Siliguri
Silistra
Silkeborg
Sillod
Siloam Springs
Silvassa
Simdega
Simferopol
Simga
Siminshahr
Simpsonville
Sindi Turf Hindnagar
Sindkhed Raja
Sinendé
Singampunari block
Singapore
Singen
Singhana
Singhana Madhya Pradesh India
Singkawang
Singnapur
Sinnar
Sinop
Sinuiju
Sioux City
Sioux Falls
Sipalay
Siping
Siquirres
Sirajganj
Siralkoppa
Siras Pur
Sirathu
Sirauli
Sircilla
Sirdaryo
Sirgiti
Sirhind-Fategarh
Sirjan
Sirmaur
Sirohi
Sironcha
Sironj
Sirsa
Sirsa
Sirsi
Sirte
Sirugamani
Sisak
Sitamau
Sitapur
Sitarganj
Sithayankottai
Sivanthipuram
Siversk
Siwani
Siyəzən
Siófok
Skadovsk
Skalica
Skellefteå
Skien
Skikda
Skopje
Slatina
Slavonski Brod
Slavuta
Slavutych
Slidell
Sliven
Slobozia
Slonim
Sloviansk
Smalyavichy
Smara
Smarhon’
Smyrna
Sneek
Snellville
Snihurivka
Snizhne
Snoqualmie
Snyder
Sochaczew
Socorro
Socorro
Socuéllamos
Soddy-Daisy
Sodegaura
Soest
Sofia
Sogamoso
Soghad
Sohag
Sohar
Sohna
Sojat
Sokcho
Sokodé
Sokoto
Solan
Solana Beach
Solapur
Soledad
Solin
Solingen
Solok
Sololá
Solon
Somerset
Somersworth
Somerton
Somerville
Somoto
Sonegaon (Nipani)
Songadh
Sonkatch
Sonoma
Sonpeth
Sonqor
Sonsonate
Sopron
Sora
Sorel-Tracy
Soria
Soro
Soroca
Soron
Sorong (city)
Sougueur
South Bend
South Daytona
South Dumdum
South El Monte
South Euclid
South Gate
South Houston
South Jordan
South Kannanur
South Kodikulam
South Lake Tahoe
South Miami
South Milwaukee
South Nallur
South Ogden
South Pasadena
South Portland
South San Francisco
South Sioux City
South St. Paul
South Tangerang
Southaven
Southfield
Southgate
Southlake
Soyagaon
Soyo
Spanish Fork
Sparks
Spartanburg
Spearfish
Spencer
Spokane
Spokane Valley
Spoleto
Spremberg
Spring Hill
Springboro
Springdale
Springdale
Springfield
Springfield
Springfield
Spruce Grove
Sri Ganganagar
Sri Madhopur
Sri Muktsar Sahib
Srikakulam
Srimushnam
Srinagar
St. Albans
St. Albert
St. Ann
St. Augustine
St. Catharines
St. Charles
St. Clair Shores
St. Cloud
St. Cloud
St. George
St. Helens
St. John's
St. Joseph
St. Louis
St. Louis Park
St. Marys
St. Marys
St. Matthews
St. Michael
St. Peter
St. Peters
St. Petersburg
St. Thomas
St.Thomas Mount-cum-Pallavaram
Stade
Stalowa Wola
Stamford
Stanton
Stara Zagora
Stargard
Starkville
Starokostiantyniv
Staten Island
Statesboro
Statesville
Staunton
Stavanger
Steamboat Springs
Stebnyk
Steinbach
Steinkjer
Stepanakert
Stephenville
Sterling
Sterling
Sterling Heights
Steubenville
Stevens Point
Steyr
Stillwater
Stillwater
Stirling
Stockbridge
Stockton
Storm Lake
Storozhynets
Stow
Straubing
Strausberg
Streator
Streetsboro
Strongsville
Strumica
Struthers
Stryi
Strășeni
Stuart
Stueng Saen (city)
Sturgis
Sualkuchi
Subarnapur
Subotica
Suceava
Suchindram
Sudak
Sueca
Suez
Suffolk
Sugar Hill
Sugar Land
Sugauli
Suhl
Suihua
Suining
Suisun City
Sujangarh
Sujanpur
Sukabumi
Sukagawa
Suket
Sukhrali
Sukhumi
Sukkur
Sulmona
Sulphur
Sulphur Springs
Sultan Pur
Sultan Pur Majra
Sultanganj
Sultanpur
Sultanpur Lodhi
Sumaré
Sumbe
Sumida
Summerside
Summit
Sumqayit
Sumter
Sumy
Sun Prairie
Sunam
Sunchales
Sundar Nagar
Sunderbani
Sundergarh
Sunderland
Sundsvall
Sunland Park
Sunny Isles Beach
Sunnyside
Sunnyvale
Sunrise
Sunyani
Suong
Suqian
Surabaya
Surajgarh
Surajgarha
Surajkaradi
Surajpur
Surakarta
Surandai
Surat
Surat Thani
Suratgarh
Sureshjan
Suriyampalayam
Suriyawan
Surprise
Surubim
Suryapet
Susanville
Susner
Susono
Suva Reka
Suwa
Suwanee
Suwon
Suzano
Suzhou
Suzuka
Suō-Ōshima
Svaliava
Svay Rieng (town)
Sverdlovsk
Svitlovodsk
Swansea Bay City Region
Sweetwater
Sweetwater
Swift Current
Sycamore
Sydney
Sylacauga
Sylhet
Sylvania
Syracuse
Syracuse
Syracuse
Szczecin
Szczecinek
Szeged
Szekszárd
Székesfehérvár
São Caetano do Sul
São Carlos
São Francisco de Paula
São Leopoldo
São Tomé
Sèmè-Kpodji
Ségbana
Sétif
Sîngerei
Sóc Trăng
Sô-Ava
Sông Công
Söder
Södertälje
Săcele
Słupsk
Sōka
Sōma
Sōsa
Ta'if
Tabaco
Tabas
Tacheng
Tachikawa
Tacoma
Tacoronte
Tacuarembó
Tacurong
Tadepalligudem
Tadipatri
Tadjoura
Tadmur
Taebaek
Tafilah
Tafresh
Tafí del Valle
Tagajō
Tagaytay
Tahara
Taherpur
Tahlequah
Tahoua
Tai'an
Taibao
Taicang
Tainai
Taipei
Taisha
Taishan
Taitung City
Taixing
Taiyuan
Taiz
Taizhou
Taizhou
Taj Pul
Taka
Takab
Takahagi
Takahama
Takaishi
Takamatsu
Takaoka
Takarazuka
Takasago
Takasaki
Takashima
Takayama
Takestan
Takhatgarh
Takhatpur
Takizawa
Takoma Park
Taku
Tala
Talagante
Talaja
Talala (Gir)
Talasari
Talavera de la Reina
Talbehat
Talca
Talcahuano
Talegaon Dabhade
Talgram
Talikota
Talikoti
Talisay
Talkha
Talladega
Tallinn
Tallmadge
Talne
Talod
Talode
Taloje Panchnad
Taloqan
Taltal
Taluqan District
Talwandi Sabo
Talwara
Tama
Tamanrasset
Tamarac
Tamazula de Gordiano
Tamba
Tambacounda
Tampa
Tampico
Tamura
Tamworth
Tanakpur
Tanda (Rampur)
Tandag
Tangail
Tangerang
Tangier
Tangin Dassouri
Tangshan
Tangub
Tanjay
Tanjung Pandan
Tanta
Tantoyuca
Tapachula
Tapalpa
Tappa
Tappal
Taraclia
Tarakan
Tarana (Madhya Pradesh)
Taranagar
Taranto
Taraori
Tarasadi
Tarashcha
Taraz
Tarboro
Targovishte
Tarija
Tarlac City
Tarn Taran Sahib
Tarnobrzeg
Tarnów
Taroudant
Tarpon Springs
Tarquinia
Tarragona
Tartagal
Tartar (city)
Tartu
Tasgaon
Tasikmalaya
Tatabánya
Tataouine
Tatebayashi
Tateyama
Tateyama
Tati
Tatuí
Taubaté
Taungoo
Taunton
Tauragė
Tauá
Tavriysk
Taxco
Taylor
Taylor
Taylorsville
Taylorville
Taza
Tchaourou
Tchibanga
Tebing Tinggi
Tecate
Tecomán
Tegal
Tehachapi
Tehri
Tehuacán
Tehuantepec
Tekadi
Tekanpur
Tekari
Tekax
Tekmal
Telde
Telhara
Teloloapan (municipality)
Telšiai
Tema
Temara
Temascaltepec de González
Temecula
Temirtau
Temiskaming Shores
Tempe
Temperley
Temple
Temple City
Temple Terrace
Tempoal de Sánchez
Temuco
Tenali
Tenango del Valle
Tendu Kheda
Tendō
Teno
Teocuitatlán de Corona
Teonthar
Tepatitlán
Tepeji
Tepic
Teplice
Teplodar
Teramo
Termas de Río Hondo
Termez
Terni
Ternopil
Terrace
Terrassa
Terre Haute
Terrebonne
Terrell
Tessaoua
Tete
Tetiiv
Tetovo
Tetri Bazar
Tevragh-Zeina
Texarkana
Texarkana metropolitan area
Texas City
Teyarett
Teziutlán
Tezpur
Teófilo Otoni
Thakhek
Thakurdwara
Thalainayar
Thalassery
Thaltej
Thammampatti
Thandla
Thanesar
Thangadh
Thanjavur
Thanlyin
Tharad
Tharamangalam
Thathaiyangarpet
Thatipur
Thatipur Subcity
Thatta
Thayet
The Bronx
The Dalles
Thessaloniki
Thetford Mines
Thibodaux
Thiene
Thikkodi
Thiriya Nizamat Khan
Thirubuvanam
Thirumazhisai
Thirunagar
Thiruthuraipoondi
Thiruvaiyaru
Thiruvananthapuram
Thiruvidaimarudur
Thiès
Thomasville
Thomasville
Thongkhong Laxmi Bazar
Thornton
Thorold
Thottiyam
Thousand Oaks
Thrissur
Thrissur Metropolitan Area
Thun
Thunder Bay
Thuraiyur
Thái Nguyên
Tianmen
Tianshui
Tiaret
Tidore
Tieling
Tiemenguan City
Tierra Amarilla
Tierra Colorada
Tiffin
Tifton
Tigard
Tijara
Tijuana
Tijucas
Tikamgarh
Tikri
Tikrit
Tilda Newra
Tilhar
Tiltil
Timbaúba
Timbuktu
Timișoara
Timmins
Tinghir
Tinogasta
Tinsukia
Tiptur
Tiran
Tirora
Tiruchengode
Tiruchirappalli
Tirupati
Tiruppur
Tiruvalla
Tirwa
Tisra
Titagarh
Titron
Titusville
Tivaouane
Tixtla
Tizapan El Alto
Tizi Ouzou
Tizimín
Tlacolula de Matamoros
Tlajomulco de Zúñiga
Tlaquepaque
Tlaxcala City
Tlemcen
Toba
Tobruk
Tocaima
Tochigi
Tocopilla
Tocuyito
Toda
Todabhim
Todaraisingh
Toffo
Tohana
Tokchon
Toki
Tokmok
Tokoname
Tokorozawa
Tokushima
Tokyo
Toledo
Toledo
Toliara
Tomatlán
Tomball
Tomigusuku
Tomioka
Tomisato
Tonawanda (city)
Tondi Fatehpur
Tonekabon
Tonghua
Tongliao
Tooele
Toowoomba
Topeka
Toplița
Torbat-e Heydarieh
Torbat-e Jam
Tordera
Toretsk
Torez
Tori-Bossito
Toride
Toronto
Torqabeh
Torrance
Torre Annunziata
Torre del Greco
Torrent
Torres
Torrevieja
Torreón
Toruń
Tosa
Toshima
Tostado
Tosu
Totonicapán
Tototlán
Tottori
Touba
Touggourt
Toujouonine
Toulon
Tourcoing
Tours
Toviklin
Towada
Town and Country
Townsville
Toyama
Toyoake
Toyohashi
Toyokawa
Toyota
To‘rtko‘l
Tracy
Tradate
Traiguén
Trang
Trapani
Traralgon
Traun
Traverse City
Trece Martires
Treinta y Tres
Trelew
Trenque Lauquen
Trento
Trenton
Trenton
Trenton
Trenčín
Tres Arroyos
Tres Isletas
Tres Valles
Treviso
Tri-Cities
Trier
Trieste
Trimbak
Trincomalee
Tripoli
Tripoli
Trnava
Trois-Rivières
Trollhättan
Tromsø
Trondheim
Trostianets
Trotwood
Troutdale
Troy
Troy
Troy
Troy
Troy
Truckee
Trujillo
Trujillo
Truro
Truskavets
Trussville
Trutnov
Três Corações
Tshikapa
Tsiroanomandidy
Tsu
Tsubame
Tsuchiura
Tsugaru
Tsukuba
Tsukubamirai
Tsumeb
Tsuru
Tsurugashima
Tsurugi
Tsuruoka
Tsushima
Tsévié
Tualatin
Tucker
Tucson
Tucupita
Tulare
Tulcea
Tuljapur
Tullahoma
Tulsa
Tulsipur
Tumaco
Tumen
Tumkur
Tumxuk
Tundla Railway Colony
Tunis
Tunja
Tunuyán
Tupelo
Tupiza
Turbat
Turkistan (city)
Turlock
Turmero
Turnu Măgurele
Turrialba
Tursunzoda
Turubah
Turuvekere
Tuscaloosa
Tustin
Tuxpan
Tuxtla Gutiérrez
Tuyserkan
Twentynine Palms
Twin Falls
Two Rivers
Tychy
Tyre
Tábor
Târgoviște
Târgu Mureș
Târgu Secuiesc
Tébessa
Tétouan
Tôlanaro
Türkmenbaşy
Tōgane
Tōkai
Tōkamachi
Tōno
Ube
Ubon Ratchathani
Ucar
Uchana
Uchgaon
Uchkuduk
Udaipur
Udaipur
Udaipura
Udaipurwati
Udgir
Udhampur
Udine
Udon Thani
Udupi
Uenohara
Uetersen
Ujhani
Ujhari
Uji
Ukiah
Uklanamandi
Ukmergė
Ukrainka
Ulanqab
Ulhasnagar
Uliastai
Ullal
Ulm
Uluberia
Umag
Uman
Umaria
Umarkhed
Umarsara
Umbergaon
Umm Qasr
Umred
Umreth Taluka
Umri Pragane Balapur
Umuahia
Umuarama
Una
Una
Unaizah
Uncha Siwana
Unchehara
Unhel
Union
Union City
Union City
Union City
Uniontown
University City
University Heights
União da Vitória
Unión de San Antonio
Unjha
Unna
Unnan
Unnao
Unquillo
Unzen
Uonuma
Upland
Upleta
Upper Arlington
Upper Tadong
Uran Islampur
Urasoe
Urayasu
Urban water management in Monterrey
Urbana
Urbana
Urbandale
Urbino
Urdaneta
Urgench
Urmar Tanda
Urmia
Uruapan
Uruma
Usa
Usawan
Usehat
Ushiku
Usuda
Usulután
Utena
Uthangarai
Utica
Uto
Utran
Utraula
Utsunomiya
Uttaradit
Uttarahalli
Uttarkashi district
Uvira
Uyo
Uyuni
Uzhhorod
Uzyn
Uíge
Vacaville
Vadamadurai
Vadgaon Maval
Vadnagar
Vadnais Heights
Vadodara
Vadugapatti
Vahdat
Vahdatiyeh
Vahidieh
Vaijapur
Val-d'Or
Valdosta
Valencia
Valentín Alsina
Valera
Vallabh Vidhyanagar
Vallachira
Valladolid
Valladolid
Valle de la Pascua
Valledupar
Vallejo
Vallenar
Valmiera
Valparaiso
Valparaíso
Valsad
Van Buren
Van Wert
Vanadzor
Vancouver
Vandalia
Vandavasi
Vang Vieng
Vansda
Vanthali
Vapi
Vapi INA
Varamin
Varanasi
Varaždin
Varde
Varennes
Varese
Varna
Varnamkhast
Varzaneh
Vasai-Virar
Vasant Vihar
Vashind
Vastral
Vasylivka
Vasylkiv
Vatra Dornei
Vatutine
Vaudreuil-Dorion
Vaughan
Vazhakkala
Vechta
Vehari
Vejalpore
Veles
Velika Gorica
Veliko Tarnovo
Vellore
Velur
Vembadithalam
Venado Tuerto
Vengurla
Venice
Venice
Venkitangu
Ventimiglia
Ventnor City
Ventura
Venturosa
Venustiano Carranza
Vera
Veracruz (city)
Veraval
Vercelli
Verdun
Verkhnodniprovsk
Vermilion
Vermillion
Vero Beach
Verona
Verona
Verín
Vestavia Hills
Veszprém
Viacha
Viamão
Viareggio
Vibo Valentia
Vicente Guerrero
Vicenza
Vichy
Vicksburg
Victoria
Victoria
Victoria
Victoria
Victoria
Victoria
Victorias
Victoriaville
Victorville
Vicuña
Vidalia
Videira
Vienna
Vienna
Vignola
Vigo
Vijainagar
Vijainagar
Vijalpor
Vijapur
Vijay Pur
Vijayapura
Vijayapuri (North)
Vijayawada
Vikasnagar
Vilanova i la Geltrú
Vilkaviškis
Villa Alegre
Villa Alemana
Villa Carlos Paz
Villa Constitución
Villa Corona
Villa Elisa
Villa Gobernador Gálvez
Villa Hayes
Villa Krause
Villa María
Villa Mercedes
Villa Nueva
Villa Purificación
Villa Rica
Villa Unión
Villa Unión
Villa del Rosario
Villa Ángela
Villach
Villamartín
Villanueva de la Serena
Villarreal
Villarrica
Villarrica
Villarrobledo
Villavicencio
Villena
Villeta
Villingen-Schwenningen
Vilnius
Vilnohirsk
Vimercate
Vincennes
Vinces
Vineland
Vinh
Vinkovci
Vinnytsia
Viramgam
Virar
Virginia Beach
Virovitica
Virupakshipuram
Visakhapatnam
Visalia
Visavadar
Visnagar
Visoko
Vista
Vitacura
Vitebsk
Vitoria-Gasteiz
Vittorio Veneto
Vizianagaram
Việt Trì
Vohemar
Voinjama
Volnovakha
Volodymyr-Volynskyi
Votorantim
Vovchansk
Voznesensk
Vranov nad Topľou
Vratsa
Vrindavan
Vršac
Vuhledar
Vukovar
Vulcan
Vučitrn
Vyara
Vynnyky
Vynohradiv
Vyshhorod
Västervik
Västerås
Växjö
Vĩnh Yên
Vũng Tàu
Vị Thanh
Wabash
Waco
Wadhwan
Wadowice
Wadsworth
Wafangdian
Wagga Wagga
Wai
Waidhofen an der Ybbs
Wakasa
Wakayama
Wake
Wakefield
Wakkanai
Wakō
Walani
Waldshut-Tiengen
Waliv
Walker
Walnut
Walnut Creek
Waltham
Walvis Bay
Wanadongri
Wangaratta
Wangen im Allgäu
Wankaner
Wanzhou District
Warabi
Wardha
Warhapur
Warner Robins
Warora
Warr Acres
Warren
Warren
Warren
Warrensburg
Warrensville Heights
Warrenville
Warrnambool
Warsaw
Warud
Wasco
Washim
Washington
Washington
Washington
Washougal
Waterbury
Waterford
Waterloo
Waterloo
Watertown
Waterville
Watervliet
Watsonville
Wau
Waukee
Waukegan
Waukesha
Waupun
Wauwatosa
Waxahachie
Waycross
Wayne
Waynesboro
Wazirganj
Wałbrzych
Weatherford
Weatherford
Webb City
Webster Groves
Weiden in der Oberpfalz
Weifang
Weihai
Weimar
Weir
Weirton
Wellington
Wells
Wels
Wenchang
Wentzville
Wenzhou
Wesseling
West Allis
West Bend
West Carrollton
West Chicago
West Columbia
West Covina
West Des Moines
West Fargo
West Haven
West Haven
West Hollywood
West Jordan
West Lafayette
West Linn
West Melbourne
West Memphis
West Monroe
West Palm Beach
West Plains
West Point
West Sacramento
West Springfield
West St. Paul
West Valley City
Westbrook
Westerville
Westfield
Westfield
Westlake
Westland
Westminster
Westminster
Westminster
Westmount
Weston
Wetaskiwin
Wetzlar
Weyburn
Weymouth
Wheaton
White Bear Lake
White House
White Plains
White Rock
Whitehall
Whitehorse
Whitewater
Whittier
Whyalla
Wichita
Wichita Falls
Wickliffe
Wieluń
Wiesbaden
Wiesloch
Wiesmoor
Wildomar
Wildwood
Wilkes-Barre
Willemstad
Williamnagar
Williams Lake
Williamsburg
Williston
Willmar
Willoughby
Willowick
Wilmington
Wilmington
Wilmington
Wilson
Wilsonville
Wilton Manors
Winchester
Winchester
Winchester
Winder
Windhoek
Windsor
Winfield
Winkler
Winnipeg
Winona
Winschoten
Winston-Salem
Winter Garden
Winter Haven
Winter Park
Winter Springs
Wisconsin Rapids
Witten
Wittenberg
Wixom
Woburn
Wodonga
Wokha
Wolfsburg
Wollongong
Wonju
Wonsan
Wood Dale
Wood River
Woodburn
Woodbury
Woodbury
Woodhaven
Woodinville
Woodland
Woodstock
Woodstock
Woodward
Wooster
Worcester
Worcester
Worms
Worthington
Worthington
Wrocław
Wuchang
Wuhai
Wuhan
Wuhu
Wuppertal
Wusu
Wuwei
Wuxi
Wuzhou
Wyandotte
Wylie
Wyoming
Wyomissing
Xai-Xai
Xalapa
Xam Neua
Xanxerê
Xenia
Xi'an
Xiamen
Xiangyang
Xianning
Xianyang
Xiaogan
Xichang
Xilinhot
Xinghua
Xingning
Xingtai
Xingyang
Xingyi
Xining
Xinle City
Xinmi
Xinmin
Xinxiang
Xinyang
Xinyu
Xinzheng
Xuancheng
Xuchang
Xuzhou
Ya'an
Yachimata
Yachiyo
Yadgir
Yaese
Yafran
Yaguarón
Yahotyn
Yahualica de González Gallo
Yaita
Yaizu
Yakima
Yala
Yalta
Yamaga
Yamagata
Yamagata
Yamaguchi
Yamanashi
Yamato
Yamato
Yambio
Yamoussoukro
Yampil
Yamunanagar
Yan'an
Yancheng
Yangchun
Yangiyer
Yangiyo‘l
Yangjiang
Yangon
Yangzhou
Yanji
Yantai
Yashio
Yasuj
Yasynuvata
Yatomi
Yatsushiro
Yatta
Yauco
Yavatmal
Yavoriv
Yawal
Yazoo City
Yazu
Yei
Yelburga
Yenakiieve
Yerba Buena
Yerevan
Yerkheda
Yevlakh
Yevpatoria
Yibin
Yichang
Yichun
Yichun
Yilan City
Yinchuan
Yingcheng
Yingkou
Yingtan
Yining City
Yiwu
Yixing
Yiyang
Yizhou
Yogyakarta
Yokkaichi
Yokneam
Yokohama
Yokosuka
Yokote
Yol
Yonago
Yonezawa
Yongzhou
Yonkers
Yorba Linda
Yorkton
Yorkville
Yoro
Yoshikawa
Yoshiwara
Yotsukaidō
Youngstown
Youngsville
Yuanlin
Yuba City
Yucaipa
Yueyang
Yukon
Yulin
Yuma
Yumbo
Yumen City
Yuncheng
Yunfu
Yurihama
Yurihonjō
Yushu
Yushu City
Yuxi
Yuzawa
Yuzhnoukrainsk
Yên Bái
Yūbetsu
Yūki
Yūtō
Za-Kpota
Zaandam
Zabol
Zabrze
Zacatecas City
Zacatlán
Zachary
Zadar
Zafarwal
Zagnanado
Zagreb
Zahedan
Zahedshahr
Zakho
Zalaegerszeg
Zalishchyky
Zaltan
Zama
Zamania
Zamin Uthukuli
Zamora
Zamora
Zamora
Zamość
Zanesville
Zaoyang
Zaozhuang
Zapala
Zapopan
Zaporizhia
Zapotlán del Rey
Zaprešić
Zaqatala (city)
Zarafshan
Zaragoza
Zarand
Zaranj
Zarqa
Zarrin Shahr
Zarzal
Zawiercie
Zawiya
Zbarazh
Zdolbuniv
Zehak
Zelenodolsk
Zenica
Zephyrhills
Zhangjiagang
Zhangjiajie
Zhangjiakou
Zhangye
Zhangzhou
Zhanjiang
Zhaoqing
Zhaotong
Zhashkiv
Zhdanivka
Zhengzhou
Zhenjiang
Zhlobin
Zhmerynka
Zhodzina
Zhongshan
Zhongxiang
Zhoukou
Zhoushan
Zhovkva
Zhuanghe
Zhuhai
Zhumadian
Zhuozhou
Zhuzhou
Zhydachiv
Zhytomyr
Ziauddin Pur
Zibo
Zielona Góra
Zierikzee
Zihuatanejo
Zinder
Zion
Zittau
Ziyang
Zmiiv
Znamianka
Zofingen
Zogbodomey
Zolochiv
Zolote
Zolotonosha
Zomba
Zoucheng
Zrenjanin
Zugdidi
Zumpango del Río
Zunheboto
Zunyi
Zushi
Zvenyhorodka
Zvornik
Zárate
Zè
Złocieniec
Álamo
Érd
Ñuñoa
Örebro
Örenyurt
Ústí nad Labem
Ústí nad Orlicí
Überlingen
Ürümqi
Čakovec
Česká Lípa
Česká Třebová
České Budějovice
İsmayıllı
İzmir
Łomża
Łuków
Łódź
Ōamishirasato
Ōbu
Ōdate
Ōfunato
Ōji
Ōme
Ōmuta
Ōnan
Ōsaki
Ōshū
Ōta
Ōtawara
Ōtsu
Ōtsuki
Świdnica
Świdnik
Świnoujście
Świętochłowice
Şabran
Şəmkir
Šiauliai
Šibenik
Šilutė
Široki Brijeg
Štimlje
Šuto Orizari Municipality
Żabbar
Żebbuġ
Żejtun
Žilina
Žďár nad Sázavou